Component: ARM Compiler 5.06 update 4 (build 422) Tool: armlink [4d35d2]

==============================================================================

Section Cross References

    startup_stm32f103xe.o(STACK) refers (Special) to heapauxi.o(.text) for __use_two_region_memory
    startup_stm32f103xe.o(HEAP) refers (Special) to heapauxi.o(.text) for __use_two_region_memory
    startup_stm32f103xe.o(RESET) refers (Special) to heapauxi.o(.text) for __use_two_region_memory
    startup_stm32f103xe.o(RESET) refers to startup_stm32f103xe.o(STACK) for __initial_sp
    startup_stm32f103xe.o(RESET) refers to startup_stm32f103xe.o(.text) for Reset_Handler
    startup_stm32f103xe.o(RESET) refers to stm32f1xx_it.o(i.NMI_Handler) for NMI_Handler
    startup_stm32f103xe.o(RESET) refers to stm32f1xx_it.o(i.HardFault_Handler) for HardFault_Handler
    startup_stm32f103xe.o(RESET) refers to stm32f1xx_it.o(i.MemManage_Handler) for MemManage_Handler
    startup_stm32f103xe.o(RESET) refers to stm32f1xx_it.o(i.BusFault_Handler) for BusFault_Handler
    startup_stm32f103xe.o(RESET) refers to stm32f1xx_it.o(i.UsageFault_Handler) for UsageFault_Handler
    startup_stm32f103xe.o(RESET) refers to port.o(.emb_text) for SVC_Handler
    startup_stm32f103xe.o(RESET) refers to stm32f1xx_it.o(i.DebugMon_Handler) for DebugMon_Handler
    startup_stm32f103xe.o(RESET) refers to port.o(i.SysTick_Handler) for SysTick_Handler
    startup_stm32f103xe.o(RESET) refers to stm32f1xx_it.o(i.DMA1_Channel2_IRQHandler) for DMA1_Channel2_IRQHandler
    startup_stm32f103xe.o(RESET) refers to stm32f1xx_it.o(i.DMA1_Channel3_IRQHandler) for DMA1_Channel3_IRQHandler
    startup_stm32f103xe.o(RESET) refers to stm32f1xx_it.o(i.DMA1_Channel4_IRQHandler) for DMA1_Channel4_IRQHandler
    startup_stm32f103xe.o(RESET) refers to stm32f1xx_it.o(i.DMA1_Channel6_IRQHandler) for DMA1_Channel6_IRQHandler
    startup_stm32f103xe.o(RESET) refers to stm32f1xx_it.o(i.DMA1_Channel7_IRQHandler) for DMA1_Channel7_IRQHandler
    startup_stm32f103xe.o(RESET) refers to stm32f1xx_it.o(i.TIM2_IRQHandler) for TIM2_IRQHandler
    startup_stm32f103xe.o(RESET) refers to fos_uart.o(i.USART1_IRQHandler) for USART1_IRQHandler
    startup_stm32f103xe.o(RESET) refers to fos_uart.o(i.USART2_IRQHandler) for USART2_IRQHandler
    startup_stm32f103xe.o(RESET) refers to fos_uart.o(i.USART3_IRQHandler) for USART3_IRQHandler
    startup_stm32f103xe.o(.text) refers (Special) to heapauxi.o(.text) for __use_two_region_memory
    startup_stm32f103xe.o(.text) refers to system_stm32f1xx.o(i.SystemInit) for SystemInit
    startup_stm32f103xe.o(.text) refers to __main.o(!!!main) for __main
    startup_stm32f103xe.o(.text) refers to startup_stm32f103xe.o(HEAP) for Heap_Mem
    startup_stm32f103xe.o(.text) refers to startup_stm32f103xe.o(STACK) for Stack_Mem
    dlist_uart.o(i.CopyData_DList) refers to malloc.o(i.mymalloc) for mymalloc
    dlist_uart.o(i.CopyData_DList) refers to rt_memcpy_v6.o(.text) for __aeabi_memcpy
    dlist_uart.o(i.Create_DList) refers to dlist_uart.o(i.CopyData_DList) for CopyData_DList
    dlist_uart.o(i.DeleteData_DList) refers to malloc.o(i.myfree) for myfree
    dlist_uart.o(i.PopHead_DList) refers to rt_memcpy_v6.o(.text) for __aeabi_memcpy
    dlist_uart.o(i.PopHead_DList) refers to dlist_uart.o(i.DeleteData_DList) for DeleteData_DList
    dlist_uart.o(i.PopTail_DList) refers to rt_memcpy_v6.o(.text) for __aeabi_memcpy
    dlist_uart.o(i.PopTail_DList) refers to dlist_uart.o(i.DeleteData_DList) for DeleteData_DList
    dlist_uart.o(i.PrintReverse_DList) refers to noretval__2printf.o(.text) for __2printf
    dlist_uart.o(i.PrintReverse_DList) refers to stm32f1xx_hal_uart.o(i.HAL_UART_Transmit) for HAL_UART_Transmit
    dlist_uart.o(i.PrintReverse_DList) refers to usart.o(.bss) for huart1
    dlist_uart.o(i.Print_DList) refers to noretval__2printf.o(.text) for __2printf
    dlist_uart.o(i.Print_DList) refers to stm32f1xx_hal_uart.o(i.HAL_UART_Transmit) for HAL_UART_Transmit
    dlist_uart.o(i.Print_DList) refers to usart.o(.bss) for huart1
    dlist_uart.o(i.PushHead_DList) refers to malloc.o(i.mymalloc) for mymalloc
    dlist_uart.o(i.PushHead_DList) refers to dlist_uart.o(i.CopyData_DList) for CopyData_DList
    dlist_uart.o(i.PushTail_DList) refers to malloc.o(i.mymalloc) for mymalloc
    dlist_uart.o(i.PushTail_DList) refers to dlist_uart.o(i.CopyData_DList) for CopyData_DList
    fos_uart.o(.rev16_text) refers (Special) to use_no_semi_2.o(.text) for __use_no_semihosting
    fos_uart.o(.revsh_text) refers (Special) to use_no_semi_2.o(.text) for __use_no_semihosting
    fos_uart.o(.rrx_text) refers (Special) to use_no_semi_2.o(.text) for __use_no_semihosting
    fos_uart.o(i.FOS_InitUartBuffer) refers (Special) to use_no_semi_2.o(.text) for __use_no_semihosting
    fos_uart.o(i.FOS_InitUartBuffer) refers to dlist_uart.o(i.Create_DList) for Create_DList
[...]
    GetBufferHandle                          0x08001021   Thumb Code    36  fos_uart.o(i.GetBufferHandle)
    HAL_DMA_Abort                            0x0800105d   Thumb Code    86  stm32f1xx_hal_dma.o(i.HAL_DMA_Abort)
    HAL_DMA_Abort_IT                         0x080010b5   Thumb Code   414  stm32f1xx_hal_dma.o(i.HAL_DMA_Abort_IT)
    HAL_DMA_IRQHandler                       0x0800125d   Thumb Code   910  stm32f1xx_hal_dma.o(i.HAL_DMA_IRQHandler)
    HAL_DMA_Init                             0x080015f5   Thumb Code   132  stm32f1xx_hal_dma.o(i.HAL_DMA_Init)
    HAL_DMA_Start_IT                         0x08001681   Thumb Code   156  stm32f1xx_hal_dma.o(i.HAL_DMA_Start_IT)
    HAL_FLASH_Lock                           0x0800171d   Thumb Code    16  stm32f1xx_hal_flash.o(i.HAL_FLASH_Lock)
    HAL_FLASH_Program                        0x08001731   Thumb Code   168  stm32f1xx_hal_flash.o(i.HAL_FLASH_Program)
    HAL_FLASH_Unlock                         0x080017e1   Thumb Code    36  stm32f1xx_hal_flash.o(i.HAL_FLASH_Unlock)
    HAL_GPIO_Init                            0x08001811   Thumb Code   792  stm32f1xx_hal_gpio.o(i.HAL_GPIO_Init)
    HAL_GPIO_ReadPin                         0x08001b51   Thumb Code    16  stm32f1xx_hal_gpio.o(i.HAL_GPIO_ReadPin)
    HAL_GPIO_TogglePin                       0x08001b61   Thumb Code    20  stm32f1xx_hal_gpio.o(i.HAL_GPIO_TogglePin)
    HAL_GPIO_WritePin                        0x08001b75   Thumb Code    12  stm32f1xx_hal_gpio.o(i.HAL_GPIO_WritePin)
    HAL_GetTick                              0x08001b81   Thumb Code     6  stm32f1xx_hal.o(i.HAL_GetTick)
    HAL_IncTick                              0x08001b8d   Thumb Code    16  stm32f1xx_hal.o(i.HAL_IncTick)
    HAL_Init                                 0x08001ba5   Thumb Code    34  stm32f1xx_hal.o(i.HAL_Init)
    HAL_InitTick                             0x08001bcd   Thumb Code   160  stm32f1xx_hal_timebase_tim.o(i.HAL_InitTick)
    HAL_MspInit                              0x08001c7d   Thumb Code    86  stm32f1xx_hal_msp.o(i.HAL_MspInit)
    HAL_NVIC_EnableIRQ                       0x08001cdd   Thumb Code    32  stm32f1xx_hal_cortex.o(i.HAL_NVIC_EnableIRQ)
    HAL_NVIC_SetPriority                     0x08001cfd   Thumb Code   124  stm32f1xx_hal_cortex.o(i.HAL_NVIC_SetPriority)
    HAL_NVIC_SetPriorityGrouping             0x08001d79   Thumb Code    32  stm32f1xx_hal_cortex.o(i.HAL_NVIC_SetPriorityGrouping)
    HAL_RCC_ClockConfig                      0x08001da1   Thumb Code   376  stm32f1xx_hal_rcc.o(i.HAL_RCC_ClockConfig)
    HAL_RCC_GetClockConfig                   0x08001f2d   Thumb Code    58  stm32f1xx_hal_rcc.o(i.HAL_RCC_GetClockConfig)
    HAL_RCC_GetHCLKFreq                      0x08001f71   Thumb Code     6  stm32f1xx_hal_rcc.o(i.HAL_RCC_GetHCLKFreq)
    HAL_RCC_GetPCLK1Freq                     0x08001f7d   Thumb Code    22  stm32f1xx_hal_rcc.o(i.HAL_RCC_GetPCLK1Freq)
    HAL_RCC_GetPCLK2Freq                     0x08001f9d   Thumb Code    22  stm32f1xx_hal_rcc.o(i.HAL_RCC_GetPCLK2Freq)
    HAL_RCC_GetSysClockFreq                  0x08001fbd   Thumb Code    92  stm32f1xx_hal_rcc.o(i.HAL_RCC_GetSysClockFreq)
    HAL_RCC_OscConfig                        0x08002031   Thumb Code  1114  stm32f1xx_hal_rcc.o(i.HAL_RCC_OscConfig)
    HAL_TIMEx_BreakCallback                  0x08002495   Thumb Code     2  stm32f1xx_hal_tim_ex.o(i.HAL_TIMEx_BreakCallback)
    HAL_TIMEx_CommutCallback                 0x08002497   Thumb Code     2  stm32f1xx_hal_tim_ex.o(i.HAL_TIMEx_CommutCallback)
    HAL_TIM_Base_Init                        0x08002499   Thumb Code   102  stm32f1xx_hal_tim.o(i.HAL_TIM_Base_Init)
    HAL_TIM_Base_MspInit                     0x080024ff   Thumb Code     2  stm32f1xx_hal_tim.o(i.HAL_TIM_Base_MspInit)
    HAL_TIM_Base_Start_IT                    0x08002501   Thumb Code   122  stm32f1xx_hal_tim.o(i.HAL_TIM_Base_Start_IT)
    HAL_TIM_IC_CaptureCallback               0x08002591   Thumb Code     2  stm32f1xx_hal_tim.o(i.HAL_TIM_IC_CaptureCallback)
    HAL_TIM_IRQHandler                       0x08002593   Thumb Code   406  stm32f1xx_hal_tim.o(i.HAL_TIM_IRQHandler)
    HAL_TIM_OC_DelayElapsedCallback          0x08002729   Thumb Code     2  stm32f1xx_hal_tim.o(i.HAL_TIM_OC_DelayElapsedCallback)
    HAL_TIM_PWM_PulseFinishedCallback        0x0800272b   Thumb Code     2  stm32f1xx_hal_tim.o(i.HAL_TIM_PWM_PulseFinishedCallback)
    HAL_TIM_PeriodElapsedCallback            0x0800272d   Thumb Code    18  main.o(i.HAL_TIM_PeriodElapsedCallback)
    HAL_TIM_TriggerCallback                  0x0800273f   Thumb Code     2  stm32f1xx_hal_tim.o(i.HAL_TIM_TriggerCallback)
    HAL_UARTEx_ReceiveToIdle_DMA             0x08002741   Thumb Code   114  stm32f1xx_hal_uart.o(i.HAL_UARTEx_ReceiveToIdle_DMA)
    HAL_UARTEx_RxEventCallback               0x080027b3   Thumb Code     2  stm32f1xx_hal_uart.o(i.HAL_UARTEx_RxEventCallback)
    HAL_UART_AbortCpltCallback               0x080027b5   Thumb Code     2  stm32f1xx_hal_uart.o(i.HAL_UART_AbortCpltCallback)
    HAL_UART_AbortReceiveCpltCallback        0x080027b7   Thumb Code     2  stm32f1xx_hal_uart.o(i.HAL_UART_AbortReceiveCpltCallback)
    HAL_UART_AbortTransmitCpltCallback       0x080027b9   Thumb Code     2  stm32f1xx_hal_uart.o(i.HAL_UART_AbortTransmitCpltCallback)
    HAL_UART_ErrorCallback                   0x080027bb   Thumb Code     2  stm32f1xx_hal_uart.o(i.HAL_UART_ErrorCallback)
    HAL_UART_IRQHandler                      0x080027bd   Thumb Code   736  stm32f1xx_hal_uart.o(i.HAL_UART_IRQHandler)
    HAL_UART_Init                            0x08002aa1   Thumb Code   132  stm32f1xx_hal_uart.o(i.HAL_UART_Init)
    HAL_UART_MspInit                         0x08002b29   Thumb Code   692  usart.o(i.HAL_UART_MspInit)
    HAL_UART_RegisterCallback                0x08002e11   Thumb Code   156  stm32f1xx_hal_uart.o(i.HAL_UART_RegisterCallback)
    HAL_UART_RegisterRxEventCallback         0x08002ead   Thumb Code    76  stm32f1xx_hal_uart.o(i.HAL_UART_RegisterRxEventCallback)
    HAL_UART_RxCpltCallback                  0x08002ef9   Thumb Code     2  stm32f1xx_hal_uart.o(i.HAL_UART_RxCpltCallback)
    HAL_UART_RxHalfCpltCallback              0x08002efb   Thumb Code     2  stm32f1xx_hal_uart.o(i.HAL_UART_RxHalfCpltCallback)
    HAL_UART_Transmit                        0x08002efd   Thumb Code   178  stm32f1xx_hal_uart.o(i.HAL_UART_Transmit)
    HAL_UART_Transmit_DMA                    0x08002fb1   Thumb Code   128  stm32f1xx_hal_uart.o(i.HAL_UART_Transmit_DMA)
    HAL_UART_TxCpltCallback                  0x0800303d   Thumb Code     2  stm32f1xx_hal_uart.o(i.HAL_UART_TxCpltCallback)
    HAL_UART_TxHalfCpltCallback              0x0800303f   Thumb Code     2  stm32f1xx_hal_uart.o(i.HAL_UART_TxHalfCpltCallback)
    HardFault_Handler                        0x08003041   Thumb Code     4  stm32f1xx_it.o(i.HardFault_Handler)
    InitScalpel                              0x08003045   Thumb Code   110  cather.o(i.InitScalpel)
    Init_PT_Count                            0x080030e1   Thumb Code   394  cather.o(i.Init_PT_Count)
    KEY_Back_Push                            0x080032a9   Thumb Code    74  real_main.o(i.KEY_Back_Push)
    KEY_Back_Release                         0x08003309   Thumb Code    20  real_main.o(i.KEY_Back_Release)
    KEY_Forword_Push                         0x08003325   Thumb Code    74  real_main.o(i.KEY_Forword_Push)
    KEY_Forword_Release                      0x08003385   Thumb Code    20  real_main.o(i.KEY_Forword_Release)
    KEY_NULL                                 0x080033a1   Thumb Code     2  real_main.o(i.KEY_NULL)
    KEY_SoftTimerCallback                    0x080033a5   Thumb Code    26  key.o(i.KEY_SoftTimerCallback)
    KeyCallBack                              0x080033c5   Thumb Code     2  key.o(i.KeyCallBack)
    KeyInit                                  0x080033c9   Thumb Code   148  key.o(i.KeyInit)
    KeyStatus                                0x0800347d   Thumb Code   264  key.o(i.KeyStatus)
    Locate                                   0x08003585   Thumb Code    40  cather.o(i.Locate)
    LongPushRelease_CallBack                 0x080035c5   Thumb Code     2  key.o(i.LongPushRelease_CallBack)
    MX_DMA_Init                              0x080035c9   Thumb Code   112  dma.o(i.MX_DMA_Init)
    MX_FREERTOS_Init                         0x0800363d   Thumb Code    18  freertos.o(i.MX_FREERTOS_Init)
    MX_GPIO_Init                             0x0800365d   Thumb Code   180  gpio.o(i.MX_GPIO_Init)
    MX_USART1_UART_Init                      0x08003719   Thumb Code    46  usart.o(i.MX_USART1_UART_Init)
    MX_USART2_UART_Init                      0x08003751   Thumb Code    46  usart.o(i.MX_USART2_UART_Init)
    MX_USART3_UART_Init                      0x08003789   Thumb Code    46  usart.o(i.MX_USART3_UART_Init)
    MeanFliter                               0x080037c1   Thumb Code   124  ys_moto.o(i.MeanFliter)
    MemManage_Handler                        0x08003845   Thumb Code     4  stm32f1xx_it.o(i.MemManage_Handler)
    NMI_Handler                              0x08003849   Thumb Code     4  stm32f1xx_it.o(i.NMI_Handler)
    PID_Ctrl                                 0x0800384d   Thumb Code   250  ys_moto.o(i.PID_Ctrl)
    PopHead_DList                            0x0800394d   Thumb Code    84  dlist_uart.o(i.PopHead_DList)
    PushHead_DList                           0x080039a1   Thumb Code    90  dlist_uart.o(i.PushHead_DList)
    PushTail_DList                           0x080039fb   Thumb Code    98  dlist_uart.o(i.PushTail_DList)
    RealKeyStatus                            0x08003a85   Thumb Code   130  key.o(i.RealKeyStatus)
    RefreshTraj                              0x08003b0d   Thumb Code    90  cather.o(i.RefreshTraj)
    Register_RX_CallBack                     0x08003b89   Thumb Code    50  fos_uart.o(i.Register_RX_CallBack)
    SC_Null                                  0x08003bd5   Thumb Code     2  cather.o(i.SC_Null)
    STMFLASH_ReadBit                         0x08003bd7   Thumb Code    28  stmflash.o(i.STMFLASH_ReadBit)
    STMFLASH_Write                           0x08003bf5   Thumb Code   280  stmflash.o(i.STMFLASH_Write)
    STMFLASH_Write_NoCheck                   0x08003d19   Thumb Code    44  stmflash.o(i.STMFLASH_Write_NoCheck)
    ScalpelLocated_CallBack                  0x08003d45   Thumb Code    58  cather.o(i.ScalpelLocated_CallBack)
    ScalpelStop                              0x08003d99   Thumb Code    16  cather.o(i.ScalpelStop)
    ScalpelStored                            0x08003db1   Thumb Code    52  cather.o(i.ScalpelStored)
    ScalpelStretched                         0x08003df9   Thumb Code    52  cather.o(i.ScalpelStretched)
    Scalpel_ReceiveCMD                       0x08003e41   Thumb Code   590  cather.o(i.Scalpel_ReceiveCMD)
    StartDefaultTask                         0x080040e9   Thumb Code   120  real_main.o(i.StartDefaultTask)
    Store                                    0x08004199   Thumb Code    88  cather.o(i.Store)
    StrCombine                               0x0800420d   Thumb Code  1212  fos_uart.o(i.StrCombine)
    Stretch                                  0x080046c9   Thumb Code    84  cather.o(i.Stretch)
    SysTick_Handler                          0x08004739   Thumb Code    46  port.o(i.SysTick_Handler)
    SystemClock_Config                       0x0800476d   Thumb Code   100  main.o(i.SystemClock_Config)
    SystemInit                               0x080047d1   Thumb Code     2  system_stm32f1xx.o(i.SystemInit)
    TIM2_IRQHandler                          0x080047d5   Thumb Code    10  stm32f1xx_it.o(i.TIM2_IRQHandler)
    TIM_Base_SetConfig                       0x080047e5   Thumb Code   134  stm32f1xx_hal_tim.o(i.TIM_Base_SetConfig)
    UART1_AddDevice                          0x08004899   Thumb Code    64  fos_uart.o(i.UART1_AddDevice)
    UART1_ReceiveDistributeCllback           0x080048ed   Thumb Code   112  fos_uart.o(i.UART1_ReceiveDistributeCllback)
    UART1_TxCplt_CallBack                    0x08004979   Thumb Code    78  fos_uart.o(i.UART1_TxCplt_CallBack)
    UART2_IDLE_CallBack                      0x080049dd   Thumb Code    30  fos_uart.o(i.UART2_IDLE_CallBack)
    UART2_TxCplt_CallBack                    0x08004a09   Thumb Code    78  fos_uart.o(i.UART2_TxCplt_CallBack)
    UART3_IDLE_CallBack                      0x08004a6d   Thumb Code    30  fos_uart.o(i.UART3_IDLE_CallBack)
    UART3_TxCplt_CallBack                    0x08004a99   Thumb Code    78  fos_uart.o(i.UART3_TxCplt_CallBack)
    UART_ABORT_COMPLETE_CallBack             0x08004afd   Thumb Code    22  fos_uart.o(i.UART_ABORT_COMPLETE_CallBack)
    UART_ABORT_RECEIVE_COMPLETE_CallBack     0x08004b2d   Thumb Code    22  fos_uart.o(i.UART_ABORT_RECEIVE_COMPLETE_CallBack)
    UART_ABORT_TRANSMIT_COMPLETE_CallBack    0x08004b65   Thumb Code    22  fos_uart.o(i.UART_ABORT_TRANSMIT_COMPLETE_CallBack)
    UART_Error_CallBack                      0x08004df1   Thumb Code    98  fos_uart.o(i.UART_Error_CallBack)
    UART_InitCallbacksToDefault              0x08004ec9   Thumb Code    38  stm32f1xx_hal_uart.o(i.UART_InitCallbacksToDefault)
    UART_SoftTimerCallBack                   0x0800510d   Thumb Code   242  fos_uart.o(i.UART_SoftTimerCallBack)
    UART_Start_Receive_DMA                   0x08005231   Thumb Code   186  stm32f1xx_hal_uart.o(i.UART_Start_Receive_DMA)
    USART1_IRQHandler                        0x080053ed   Thumb Code    10  fos_uart.o(i.USART1_IRQHandler)
    USART2_IRQHandler                        0x080053fd   Thumb Code    10  fos_uart.o(i.USART2_IRQHandler)
    USART3_IRQHandler                        0x0800540d   Thumb Code    10  fos_uart.o(i.USART3_IRQHandler)
    Uart_ReceiveCMD                          0x0800541d   Thumb Code    44  real_main.o(i.Uart_ReceiveCMD)
    UsageFault_Handler                       0x08005449   Thumb Code     4  stm32f1xx_it.o(i.UsageFault_Handler)
    YS_CheckBit                              0x0800544d   Thumb Code    26  ys_moto.o(i.YS_CheckBit)
    YS_FastGoto                              0x08005467   Thumb Code   136  ys_moto.o(i.YS_FastGoto)
    YS_FollowPos_Traj                        0x080054ef   Thumb Code    54  ys_moto.o(i.YS_FollowPos_Traj)
    YS_MotoInit                              0x08005525   Thumb Code   248  ys_moto.o(i.YS_MotoInit)
    YS_Moto_Data_UART_Callback               0x08005649   Thumb Code   332  ys_moto.o(i.YS_Moto_Data_UART_Callback)
    YS_Null                                  0x0800579d   Thumb Code     2  ys_moto.o(i.YS_Null)
    YS_P_drive_ISR_DisCallBack               0x080057a1   Thumb Code     6  ys_moto.o(i.YS_P_drive_ISR_DisCallBack)
    YS_SoftTimerCallback                     0x080057ad   Thumb Code   352  ys_moto.o(i.YS_SoftTimerCallback)
    YS_Stop                                  0x08005919   Thumb Code   112  ys_moto.o(i.YS_Stop)
    YS_Velo_drive                            0x08005989   Thumb Code    94  ys_moto.o(i.YS_Velo_drive)
    YS_atTrajEnd_DisCallBack                 0x080059e9   Thumb Code     6  ys_moto.o(i.YS_atTrajEnd_DisCallBack)
    _UART2_Rx_CallBack                       0x080059f5   Thumb Code     2  fos_uart.o(i._UART2_Rx_CallBack)
    _UART3_Rx_CallBack                       0x080059f7   Thumb Code     2  fos_uart.o(i._UART3_Rx_CallBack)
    __YS_Clear                               0x08005a31   Thumb Code    76  ys_moto.o(i.__YS_Clear)
    __YS_Pos_drive                           0x08005a7d   Thumb Code   102  ys_moto.o(i.__YS_Pos_drive)
    __YS_Stop                                0x08005ae3   Thumb Code   142  ys_moto.o(i.__YS_Stop)
    __YS_Volt_drive                          0x08005b71   Thumb Code   106  ys_moto.o(i.__YS_Volt_drive)
    _is_digit                                0x08005bed   Thumb Code    14  __printf_wp.o(i._is_digit)
    _sys_exit                                0x08005bfb   Thumb Code     4  fos_uart.o(i._sys_exit)
    countOrder                               0x08005c01   Thumb Code    10  cather.o(i.countOrder)
    countTurn                                0x08005c11   Thumb Code     8  cather.o(i.countTurn)
    fputc                                    0x08005c1d   Thumb Code    24  fos_uart.o(i.fputc)
    main                                     0x08005c39   Thumb Code    44  main.o(i.main)
    my_mem_init                              0x08005cd1   Thumb Code    38  malloc.o(i.my_mem_init)
    my_mem_perused                           0x08005da9   Thumb Code    56  malloc.o(i.my_mem_perused)
    my_mem_set                               0x08005de9   Thumb Code    20  malloc.o(i.my_mem_set)
    myfree                                   0x08005dfd   Thumb Code    30  malloc.o(i.myfree)
    mymalloc                                 0x08005e21   Thumb Code    34  malloc.o(i.mymalloc)
    osDelay                                  0x08005e49   Thumb Code    50  cmsis_os2.o(i.osDelay)
    osKernelInitialize                       0x08005e81   Thumb Code    58  cmsis_os2.o(i.osKernelInitialize)
    osKernelStart                            0x08005ec1   Thumb Code    64  cmsis_os2.o(i.osKernelStart)
    osThreadNew                              0x08005f05   Thumb Code   216  cmsis_os2.o(i.osThreadNew)
    osTimerNew                               0x08005fe1   Thumb Code   194  cmsis_os2.o(i.osTimerNew)
    osTimerStart                             0x080060ad   Thumb Code    80  cmsis_os2.o(i.osTimerStart)
    pvPortMalloc                             0x08006b71   Thumb Code   296  heap_4.o(i.pvPortMalloc)
    pvTimerGetTimerID                        0x08006cad   Thumb Code    44  timers.o(i.pvTimerGetTimerID)
    pxPortInitialiseStack                    0x08006cd9   Thumb Code    30  port.o(i.pxPortInitialiseStack)
    read_addr                                0x08006cfd   Thumb Code     6  usmart.o(i.read_addr)
    usmart_cmd_rec                           0x08006d05   Thumb Code   170  usmart.o(i.usmart_cmd_rec)
    usmart_exe                               0x08006db5   Thumb Code   604  usmart.o(i.usmart_exe)
    usmart_get_aparm                         0x08007069   Thumb Code   212  usmart_str.o(i.usmart_get_aparm)
    usmart_get_cmdname                       0x0800713d   Thumb Code    54  usmart_str.o(i.usmart_get_cmdname)
    usmart_get_fname                         0x08007175   Thumb Code   440  usmart_str.o(i.usmart_get_fname)
    usmart_get_fparam                        0x08007335   Thumb Code   262  usmart_str.o(i.usmart_get_fparam)
    usmart_get_parmpos                       0x08007441   Thumb Code    26  usmart_str.o(i.usmart_get_parmpos)
    usmart_get_runtime                       0x08007461   Thumb Code    28  usmart.o(i.usmart_get_runtime)
    usmart_init                              0x08007485   Thumb Code     8  usmart.o(i.usmart_init)
    usmart_pow                               0x08007491   Thumb Code    22  usmart_str.o(i.usmart_pow)
    usmart_reset_runtime                     0x080074a9   Thumb Code    12  usmart.o(i.usmart_reset_runtime)
    usmart_scan                              0x080074b9   Thumb Code   106  usmart.o(i.usmart_scan)
    usmart_search_nextc                      0x08007565   Thumb Code    22  usmart_str.o(i.usmart_search_nextc)
    usmart_str2num                           0x0800757b   Thumb Code   262  usmart_str.o(i.usmart_str2num)
    usmart_strcmp                            0x08007681   Thumb Code    34  usmart_str.o(i.usmart_strcmp)
    usmart_strcopy                           0x080076a3   Thumb Code    22  usmart_str.o(i.usmart_strcopy)
    usmart_strlen                            0x080076b9   Thumb Code    24  usmart_str.o(i.usmart_strlen)
    usmart_sys_cmd_exe                       0x080076d1   Thumb Code  1570  usmart.o(i.usmart_sys_cmd_exe)
    uxListRemove                             0x08007dc5   Thumb Code    40  list.o(i.uxListRemove)
    vApplicationGetIdleTaskMemory            0x08007ded   Thumb Code    14  cmsis_os2.o(i.vApplicationGetIdleTaskMemory)
    vApplicationGetTimerTaskMemory           0x08007e05   Thumb Code    16  cmsis_os2.o(i.vApplicationGetTimerTaskMemory)
    vListInitialise                          0x08007e1d   Thumb Code    26  list.o(i.vListInitialise)
    vListInitialiseItem                      0x08007e37   Thumb Code     6  list.o(i.vListInitialiseItem)
    vListInsert                              0x08007e3d   Thumb Code    52  list.o(i.vListInsert)
    vListInsertEnd                           0x08007e71   Thumb Code    24  list.o(i.vListInsertEnd)
    vPortEnterCritical                       0x08007e89   Thumb Code    76  port.o(i.vPortEnterCritical)
    vPortExitCritical                        0x08007edd   Thumb Code    56  port.o(i.vPortExitCritical)
    vPortFree                                0x08007f19   Thumb Code   140  heap_4.o(i.vPortFree)
    vPortSetupTimerInterrupt                 0x08007fad   Thumb Code    36  port.o(i.vPortSetupTimerInterrupt)
    vPortValidateInterruptPriority           0x08007fd5   Thumb Code   106  port.o(i.vPortValidateInterruptPriority)
    vQueueAddToRegistry                      0x0800804d   Thumb Code    38  queue.o(i.vQueueAddToRegistry)
    vQueueWaitForMessageRestricted           0x08008079   Thumb Code    74  queue.o(i.vQueueWaitForMessageRestricted)
    vTaskDelay                               0x080080c5   Thumb Code    82  tasks.o(i.vTaskDelay)
    vTaskInternalSetTimeOutState             0x08008121   Thumb Code    14  tasks.o(i.vTaskInternalSetTimeOutState)
    vTaskMissedYield                         0x08008139   Thumb Code     8  tasks.o(i.vTaskMissedYield)
    vTaskPlaceOnEventList                    0x08008145   Thumb Code    52  tasks.o(i.vTaskPlaceOnEventList)
    vTaskPlaceOnEventListRestricted          0x0800817d   Thumb Code    60  tasks.o(i.vTaskPlaceOnEventListRestricted)
    vTaskStartScheduler                      0x080081bd   Thumb Code   156  tasks.o(i.vTaskStartScheduler)
    vTaskSuspend                             0x08008275   Thumb Code   176  tasks.o(i.vTaskSuspend)
    vTaskSuspendAll                          0x0800833d   Thumb Code    12  tasks.o(i.vTaskSuspendAll)
    vTaskSwitchContext                       0x0800834d   Thumb Code   122  tasks.o(i.vTaskSwitchContext)
    write_addr                               0x080083dd   Thumb Code     4  usmart.o(i.write_addr)
    xPortStartScheduler                      0x080083e1   Thumb Code   228  port.o(i.xPortStartScheduler)
    xQueueGenericCreateStatic                0x080084d9   Thumb Code   222  queue.o(i.xQueueGenericCreateStatic)
    xQueueGenericReset                       0x080085b9   Thumb Code   146  queue.o(i.xQueueGenericReset)
    xQueueGenericSend                        0x08008651   Thumb Code   420  queue.o(i.xQueueGenericSend)
    xQueueGenericSendFromISR                 0x080087f9   Thumb Code   248  queue.o(i.xQueueGenericSendFromISR)
    xQueueReceive                            0x080088f1   Thumb Code   356  queue.o(i.xQueueReceive)
    xTaskCheckForTimeOut                     0x08008a59   Thumb Code   132  tasks.o(i.xTaskCheckForTimeOut)
    xTaskCreate                              0x08008ae5   Thumb Code   100  tasks.o(i.xTaskCreate)
    xTaskCreateStatic                        0x08008b49   Thumb Code   184  tasks.o(i.xTaskCreateStatic)
    xTaskGetSchedulerState                   0x08008c01   Thumb Code    24  tasks.o(i.xTaskGetSchedulerState)
    xTaskGetTickCount                        0x08008c21   Thumb Code     6  tasks.o(i.xTaskGetTickCount)
    xTaskGetTickCountFromISR                 0x08008c2d   Thumb Code    16  tasks.o(i.xTaskGetTickCountFromISR)
    xTaskIncrementTick                       0x08008c41   Thumb Code   280  tasks.o(i.xTaskIncrementTick)
    xTaskPriorityDisinherit                  0x08008d85   Thumb Code   152  tasks.o(i.xTaskPriorityDisinherit)
    xTaskRemoveFromEventList                 0x08008e29   Thumb Code   126  tasks.o(i.xTaskRemoveFromEventList)
    xTaskResumeAll                           0x08008ec1   Thumb Code   222  tasks.o(i.xTaskResumeAll)
    xTaskResumeFromISR                       0x08008fc5   Thumb Code   156  tasks.o(i.xTaskResumeFromISR)
    xTimerCreate                             0x08009075   Thumb Code    54  timers.o(i.xTimerCreate)
    xTimerCreateStatic                       0x080090ab   Thumb Code   112  timers.o(i.xTimerCreateStatic)
    xTimerCreateTimerTask                    0x0800911d   Thumb Code   100  timers.o(i.xTimerCreateTimerTask)
    xTimerGenericCommand                     0x08009195   Thumb Code   128  timers.o(i.xTimerGenericCommand)
    __aeabi_d2f                              0x08009219   Thumb Code     0  d2f.o(x$fpl$d2f)
    _d2f                                     0x08009219   Thumb Code    98  d2f.o(x$fpl$d2f)
    __aeabi_dadd                             0x0800927d   Thumb Code     0  daddsub_clz.o(x$fpl$dadd)
    _dadd                                    0x0800927d   Thumb Code   332  daddsub_clz.o(x$fpl$dadd)
    __fpl_dcmp_Inf                           0x080093cd   Thumb Code    24  dcmpi.o(x$fpl$dcmpinf)
    __aeabi_ddiv                             0x080093e5   Thumb Code     0  ddiv.o(x$fpl$ddiv)
    _ddiv                                    0x080093e5   Thumb Code   552  ddiv.o(x$fpl$ddiv)
    __aeabi_cdcmpeq                          0x08009695   Thumb Code     0  deqf.o(x$fpl$deqf)
    _dcmpeq                                  0x08009695   Thumb Code   120  deqf.o(x$fpl$deqf)
    __aeabi_d2iz                             0x0800970d   Thumb Code     0  dfix.o(x$fpl$dfix)
    _dfix                                    0x0800970d   Thumb Code    94  dfix.o(x$fpl$dfix)
    __aeabi_i2d                              0x0800976b   Thumb Code     0  dflt_clz.o(x$fpl$dflt)
    _dflt                                    0x0800976b   Thumb Code    46  dflt_clz.o(x$fpl$dflt)
    __aeabi_cdcmple                          0x08009799   Thumb Code     0  dleqf.o(x$fpl$dleqf)
    _dcmple                                  0x08009799   Thumb Code   120  dleqf.o(x$fpl$dleqf)
    __fpl_dcmple_InfNaN                      0x080097fb   Thumb Code     0  dleqf.o(x$fpl$dleqf)
    __aeabi_dmul                             0x08009811   Thumb Code     0  dmul.o(x$fpl$dmul)
    _dmul                                    0x08009811   Thumb Code   332  dmul.o(x$fpl$dmul)
    __fpl_dnaninf                            0x08009965   Thumb Code   156  dnaninf.o(x$fpl$dnaninf)
    __fpl_dretinf                            0x08009a01   Thumb Code    12  dretinf.o(x$fpl$dretinf)
    __aeabi_drsub                            0x08009a0d   Thumb Code     0  daddsub_clz.o(x$fpl$drsb)
    _drsb                                    0x08009a0d   Thumb Code    22  daddsub_clz.o(x$fpl$drsb)
    __aeabi_dsub                             0x08009a25   Thumb Code     0  daddsub_clz.o(x$fpl$dsub)
    _dsub                                    0x08009a25   Thumb Code   464  daddsub_clz.o(x$fpl$dsub)
    __aeabi_f2d                              0x08009bf9   Thumb Code     0  f2d.o(x$fpl$f2d)
    _f2d                                     0x08009bf9   Thumb Code    86  f2d.o(x$fpl$f2d)
    __aeabi_fadd                             0x08009c51   Thumb Code     0  faddsub_clz.o(x$fpl$fadd)
    _fadd                                    0x08009c51   Thumb Code   196  faddsub_clz.o(x$fpl$fadd)
    __fpl_fcmp_Inf                           0x08009d15   Thumb Code    24  fcmpi.o(x$fpl$fcmpinf)
    __aeabi_fdiv                             0x08009d2d   Thumb Code     0  fdiv.o(x$fpl$fdiv)
    _fdiv                                    0x08009d2d   Thumb Code   384  fdiv.o(x$fpl$fdiv)
    __aeabi_f2iz                             0x08009eb1   Thumb Code     0  ffix.o(x$fpl$ffix)
    _ffix                                    0x08009eb1   Thumb Code    54  ffix.o(x$fpl$ffix)
    __aeabi_f2uiz                            0x08009ee9   Thumb Code     0  ffixu.o(x$fpl$ffixu)
    _ffixu                                   0x08009ee9   Thumb Code    62  ffixu.o(x$fpl$ffixu)
    __aeabi_i2f                              0x08009f29   Thumb Code     0  fflt_clz.o(x$fpl$fflt)
    _fflt                                    0x08009f29   Thumb Code    48  fflt_clz.o(x$fpl$fflt)
    __aeabi_ui2f                             0x08009f59   Thumb Code     0  fflt_clz.o(x$fpl$ffltu)
    _ffltu                                   0x08009f59   Thumb Code    38  fflt_clz.o(x$fpl$ffltu)
    __aeabi_cfcmple                          0x08009f81   Thumb Code     0  fleqf.o(x$fpl$fleqf)
    _fcmple                                  0x08009f81   Thumb Code   104  fleqf.o(x$fpl$fleqf)
    __fpl_fcmple_InfNaN                      0x08009fd3   Thumb Code     0  fleqf.o(x$fpl$fleqf)
    __aeabi_fmul                             0x08009fe9   Thumb Code     0  fmul.o(x$fpl$fmul)
    _fmul                                    0x08009fe9   Thumb Code   258  fmul.o(x$fpl$fmul)
    __fpl_fnaninf                            0x0800a0eb   Thumb Code   140  fnaninf.o(x$fpl$fnaninf)
    __fpl_fretinf                            0x0800a177   Thumb Code    10  fretinf.o(x$fpl$fretinf)
    __aeabi_cfrcmple                         0x0800a181   Thumb Code     0  frleqf.o(x$fpl$frleqf)
    _frcmple                                 0x0800a181   Thumb Code    98  frleqf.o(x$fpl$frleqf)
    __aeabi_fsub                             0x0800a1e5   Thumb Code     0  faddsub_clz.o(x$fpl$fsub)
    _fsub                                    0x0800a1e5   Thumb Code   234  faddsub_clz.o(x$fpl$fsub)
    __I$use$fp                               0x0800a2ce   Number         0  usenofp.o(x$fpl$usenofp)
    uartSendTask_attributes                  0x0800a2d0   Data          36  fos_uart.o(.constdata)
    KEY_STimer_attributes                    0x0800a2f4   Data          16  key.o(.constdata)
    memtblsize                               0x0800a304   Data           8  malloc.o(.constdata)
    memblksize                               0x0800a30c   Data           8  malloc.o(.constdata)
    memsize                                  0x0800a314   Data           8  malloc.o(.constdata)
    posArrayLength                           0x0800a31c   Data           2  ys_moto.o(.constdata)
    YS_OsDelayTime                           0x0800a320   Data           4  ys_moto.o(.constdata)
    YS_Control_STimer_attributes             0x0800a324   Data          16  ys_moto.o(.constdata)
    defaultTask_attributes                   0x0800a334   Data          36  freertos.o(.constdata)
    AHBPrescTable                            0x0800a36a   Data          16  system_stm32f1xx.o(.constdata)
    APBPrescTable                            0x0800a37a   Data           8  system_stm32f1xx.o(.constdata)
    Region$$Table$$Base                      0x0800a470   Number         0  anon$$obj.o(Region$$Table)
    Region$$Table$$Limit                     0x0800a490   Number         0  anon$$obj.o(Region$$Table)
    uart1Buffer                              0x20000000   Data          48  fos_uart.o(.data)
    uart2Buffer                              0x20000030   Data          48  fos_uart.o(.data)
    uart3Buffer                              0x20000060   Data          48  fos_uart.o(.data)
    UART1_Rx_CallBack                        0x20000090   Data           4  fos_uart.o(.data)
    UART2_Rx_CallBack                        0x20000094   Data           4  fos_uart.o(.data)
    UART3_Rx_CallBack                        0x20000098   Data           4  fos_uart.o(.data)
    UART4_Rx_CallBack                        0x2000009c   Data           4  fos_uart.o(.data)
    timerOpenFlag                            0x200000a0   Data           1  fos_uart.o(.data)
    UartSendTaskHandle                       0x200000a4   Data           4  fos_uart.o(.data)
    uart1_device                             0x200000a8   Data           8  fos_uart.o(.data)
    Uart1_ReceivedDecode                     0x200000b0   Data           8  fos_uart.o(.data)
    usmartSendFlag                           0x200000b8   Data           1  fos_uart.o(.data)
    uart1_device_Num                         0x200000b9   Data           1  fos_uart.o(.data)
    __stdout                                 0x200000bc   Data           4  fos_uart.o(.data)
    KEY_STimerHandle                         0x20000144   Data           4  key.o(.data)
    keyList                                  0x20000148   Data           8  key.o(.data)
    mallco_dev                               0x2000015c   Data          28  malloc.o(.data)
    KEY_Back                                 0x20000178   Data          44  real_main.o(.data)
    KEY_Forword                              0x200001a4   Data          44  real_main.o(.data)
    test                                     0x200001d0   Data           4  real_main.o(.data)
    sys_cmd_tab                              0x20000274   Data          28  usmart.o(.data)
    usmart_old_time                          0x20000290   Data           4  usmart.o(.data)
    USART_RX_STA                             0x20000294   Data           2  usmart.o(.data)
    usmart_nametab                           0x20000298   Data          16  usmart_config.o(.data)
    usmart_dev                               0x200002a8   Data         244  usmart_config.o(.data)
    motoList                                 0x2000039c   Data           8  ys_moto.o(.data)
    YS_Control_STimerHandle                  0x200003a4   Data           4  ys_moto.o(.data)
    pos1                                     0x200003a8   Data           2  ys_moto.o(.data)
    _countNow                                0x200003d4   Data           4  cather.o(.data)
    v                                        0x200003d8   Data           4  cather.o(.data)
    t1                                       0x200003dc   Data           4  cather.o(.data)
    t2                                       0x200003e0   Data           4  cather.o(.data)
    a                                        0x200003e4   Data           4  cather.o(.data)
    e                                        0x200003e8   Data           4  cather.o(.data)
    k                                        0x200003ec   Data           4  cather.o(.data)
    b                                        0x200003f0   Data           4  cather.o(.data)
    gripperStartPos                          0x200003f4   Data           4  cather.o(.data)
    lineStartPos                             0x200003f8   Data           4  cather.o(.data)
    gripperAddPos                            0x200003fc   Data           4  cather.o(.data)
    addrFlash                                0x20000400   Data           4  cather.o(.data)
    TrajFlag                                 0x20000404   Data           1  cather.o(.data)
    wireMoto_pid                             0x20000408   Data          32  cather.o(.data)
    gripperMoto_pid                          0x20000428   Data          32  cather.o(.data)
    gripperMotoFlag                          0x20000448   Data           1  cather.o(.data)
    gripperMoto                              0x2000044c   Data          76  cather.o(.data)
    wireMotoFlag                             0x20000498   Data           1  cather.o(.data)
    wireMoto                                 0x2000049c   Data          76  cather.o(.data)
    safe_STimerHandle                        0x200004e8   Data           4  cather.o(.data)
    OpenStartPos_CallBack                    0x200004ec   Data           4  cather.o(.data)
    StretchFinishPos_CallBack                0x200004f0   Data           4  cather.o(.data)
    defaultTaskHandle                        0x20000598   Data           4  freertos.o(.data)
    uwTick                                   0x2000059c   Data           4  stm32f1xx_hal.o(.data)
    uwTickPrio                               0x200005a0   Data           4  stm32f1xx_hal.o(.data)
    uwTickFreq                               0x200005a4   Data           1  stm32f1xx_hal.o(.data)
    SystemCoreClock                          0x200005a8   Data           4  system_stm32f1xx.o(.data)
    pxCurrentTCB                             0x200005ac   Data           4  tasks.o(.data)
    uart1_tx                                 0x20000624   Data          60  fos_uart.o(.bss)
    uart1_Rx_Buff                            0x20000660   Data          50  fos_uart.o(.bss)
    uart2_tx                                 0x20000692   Data          10  fos_uart.o(.bss)
    uart2_Rx_Buff                            0x2000069c   Data          50  fos_uart.o(.bss)
    uart3_tx                                 0x200006ce   Data          10  fos_uart.o(.bss)
    uart3_Rx_Buff                            0x200006d8   Data          50  fos_uart.o(.bss)
    uart1_receive                            0x2000070a   Data          50  fos_uart.o(.bss)
    STMFLASH_BUF                             0x20003200   Data        2048  stmflash.o(.bss)
    GTurn                                    0x20003a00   Data         804  cather.o(.bss)
    GOrign                                   0x20003d24   Data         804  cather.o(.bss)
    WOrign                                   0x20004048   Data         804  cather.o(.bss)
    GPoint                                   0x2000436c   Data         804  cather.o(.bss)
    WPoint                                   0x20004690   Data         804  cather.o(.bss)
    huart1                                   0x200049b4   Data         120  usart.o(.bss)
    huart2                                   0x20004a2c   Data         120  usart.o(.bss)
    huart3                                   0x20004aa4   Data         120  usart.o(.bss)
    hdma_usart1_rx                           0x20004b1c   Data          68  usart.o(.bss)
    hdma_usart1_tx                           0x20004b60   Data          68  usart.o(.bss)
    hdma_usart2_rx                           0x20004ba4   Data          68  usart.o(.bss)
    hdma_usart2_tx                           0x20004be8   Data          68  usart.o(.bss)
    hdma_usart3_rx                           0x20004c2c   Data          68  usart.o(.bss)
    hdma_usart3_tx                           0x20004c70   Data          68  usart.o(.bss)
    htim2                                    0x20004cb4   Data          72  stm32f1xx_hal_timebase_tim.o(.bss)
    pFlash                                   0x20004d00   Data          32  stm32f1xx_hal_flash.o(.bss)
    xQueueRegistry                           0x20004d20   Data          64  queue.o(.bss)
    __libspace_start                         0x200065f4   Data          96  libspace.o(.bss)
    __temporary_stack_top$libspace           0x20006654   Data           0  libspace.o(.bss)



==============================================================================

Memory Map of the image

  Image Entry point : 0x08000131

  Load Region LR_IROM1 (Base: 0x08000000, Size: 0x0000aab4, Max: 0x00040000, ABSOLUTE, COMPRESSED[0x0000a6a4])

    Execution Region ER_IROM1 (Base: 0x08000000, Size: 0x0000a490, Max: 0x00040000, ABSOLUTE)

    Base Addr    Size         Type   Attr      Idx    E Section Name        Object

    0x08000000   0x00000130   Data   RO            3    RESET               startup_stm32f103xe.o
    0x08000130   0x00000008   Code   RO         5781  * !!!main             c_w.l(__main.o)
    0x08000138   0x00000034   Code   RO         6030    !!!scatter          c_w.l(__scatter.o)
    0x0800016c   0x0000005a   Code   RO         6028    !!dczerorl2         c_w.l(__dczerorl2.o)
    0x080001c6   0x00000002   PAD
    0x080001c8   0x0000001c   Code   RO         6032    !!handler_zi        c_w.l(__scatter_zi.o)
    0x080001e4   0x00000000   Code   RO         5770    .ARM.Collect$$_printf_percent$$00000000  c_w.l(_printf_percent.o)
    0x080001e4   0x00000006   Code   RO         5768    .ARM.Collect$$_printf_percent$$00000009  c_w.l(_printf_d.o)
    0x080001ea   0x00000006   Code   RO         5769    .ARM.Collect$$_printf_percent$$0000000A  c_w.l(_printf_u.o)
    0x080001f0   0x00000006   Code   RO         5767    .ARM.Collect$$_printf_percent$$0000000C  c_w.l(_printf_x.o)
    0x080001f6   0x00000006   Code   RO         5765    .ARM.Collect$$_printf_percent$$00000013  c_w.l(_printf_c.o)
    0x080001fc   0x00000006   Code   RO         5766    .ARM.Collect$$_printf_percent$$00000014  c_w.l(_printf_s.o)
    0x08000202   0x00000004   Code   RO         5852    .ARM.Collect$$_printf_percent$$00000017  c_w.l(_printf_percent_end.o)
    0x08000206   0x00000002   Code   RO         5902    .ARM.Collect$$libinit$$00000000  c_w.l(libinit.o)
    0x08000208   0x00000000   Code   RO         5909    .ARM.Collect$$libinit$$00000002  c_w.l(libinit2.o)
    0x08000208   0x00000000   Code   RO         5911    .ARM.Collect$$libinit$$00000004  c_w.l(libinit2.o)
    0x08000208   0x00000000   Code   RO         5914    .ARM.Collect$$libinit$$0000000A  c_w.l(libinit2.o)
    0x08000208   0x00000000   Code   RO         5916    .ARM.Collect$$libinit$$0000000C  c_w.l(libinit2.o)
    0x08000208   0x00000000   Code   RO         5918    .ARM.Collect$$libinit$$0000000E  c_w.l(libinit2.o)
    0x08000208   0x00000000   Code   RO         5921    .ARM.Collect$$libinit$$00000011  c_w.l(libinit2.o)
    0x08000208   0x00000000   Code   RO         5923    .ARM.Collect$$libinit$$00000013  c_w.l(libinit2.o)
    0x08000208   0x00000000   Code   RO         5925    .ARM.Collect$$libinit$$00000015  c_w.l(libinit2.o)
    0x08000208   0x00000000   Code   RO         5927    .ARM.Collect$$libinit$$00000017  c_w.l(libinit2.o)
    0x08000208   0x00000000   Code   RO         5929    .ARM.Collect$$libinit$$00000019  c_w.l(libinit2.o)
    0x08000208   0x00000000   Code   RO         5931    .ARM.Collect$$libinit$$0000001B  c_w.l(libinit2.o)
    0x08000208   0x00000000   Code   RO         5933    .ARM.Collect$$libinit$$0000001D  c_w.l(libinit2.o)
    0x08000208   0x00000000   Code   RO         5935    .ARM.Collect$$libinit$$0000001F  c_w.l(libinit2.o)
    0x08000208   0x00000000   Code   RO         5937    .ARM.Collect$$libinit$$00000021  c_w.l(libinit2.o)
    0x08000208   0x00000000   Code   RO         5939    .ARM.Collect$$libinit$$00000023  c_w.l(libinit2.o)
    0x08000208   0x00000000   Code   RO         5941    .ARM.Collect$$libinit$$00000025  c_w.l(libinit2.o)
    0x08000208   0x00000000   Code   RO         5945    .ARM.Collect$$libinit$$0000002C  c_w.l(libinit2.o)
    0x08000208   0x00000000   Code   RO         5947    .ARM.Collect$$libinit$$0000002E  c_w.l(libinit2.o)
    0x08000208   0x00000000   Code   RO         5949    .ARM.Collect$$libinit$$00000030  c_w.l(libinit2.o)
    0x08000208   0x00000000   Code   RO         5951    .ARM.Collect$$libinit$$00000032  c_w.l(libinit2.o)
    0x08000208   0x00000002   Code   RO         5952    .ARM.Collect$$libinit$$00000033  c_w.l(libinit2.o)
    0x0800020a   0x00000002   Code   RO         5970    .ARM.Collect$$libshutdown$$00000000  c_w.l(libshutdown.o)
    0x0800020c   0x00000000   Code   RO         5980    .ARM.Collect$$libshutdown$$00000002  c_w.l(libshutdown2.o)
    0x0800020c   0x00000000   Code   RO         5982    .ARM.Collect$$libshutdown$$00000004  c_w.l(libshutdown2.o)
    0x0800020c   0x00000000   Code   RO         5985    .ARM.Collect$$libshutdown$$00000007  c_w.l(libshutdown2.o)
    0x0800020c   0x00000000   Code   RO         5988    .ARM.Collect$$libshutdown$$0000000A  c_w.l(libshutdown2.o)
    0x0800020c   0x00000000   Code   RO         5990    .ARM.Collect$$libshutdown$$0000000C  c_w.l(libshutdown2.o)
    0x0800020c   0x00000000   Code   RO         5993    .ARM.Collect$$libshutdown$$0000000F  c_w.l(libshutdown2.o)
    0x0800020c   0x00000002   Code   RO         5994    .ARM.Collect$$libshutdown$$00000010  c_w.l(libshutdown2.o)
    0x0800020e   0x00000000   Code   RO         5845    .ARM.Collect$$rtentry$$00000000  c_w.l(__rtentry.o)
    0x0800020e   0x00000000   Code   RO         5871    .ARM.Collect$$rtentry$$00000002  c_w.l(__rtentry2.o)
    0x0800020e   0x00000006   Code   RO         5883    .ARM.Collect$$rtentry$$00000004  c_w.l(__rtentry4.o)
    0x08000214   0x00000000   Code   RO         5873    .ARM.Collect$$rtentry$$00000009  c_w.l(__rtentry2.o)
    0x08000214   0x00000004   Code   RO         5874    .ARM.Collect$$rtentry$$0000000A  c_w.l(__rtentry2.o)
    0x08000218   0x00000000   Code   RO         5876    .ARM.Collect$$rtentry$$0000000C  c_w.l(__rtentry2.o)
    0x08000218   0x00000008   Code   RO         5877    .ARM.Collect$$rtentry$$0000000D  c_w.l(__rtentry2.o)
    0x08000220   0x00000002   Code   RO         5906    .ARM.Collect$$rtexit$$00000000  c_w.l(rtexit.o)
    0x08000222   0x00000000   Code   RO         5954    .ARM.Collect$$rtexit$$00000002  c_w.l(rtexit2.o)
    0x08000222   0x00000004   Code   RO         5955    .ARM.Collect$$rtexit$$00000003  c_w.l(rtexit2.o)
    0x08000226   0x00000006   Code   RO         5956    .ARM.Collect$$rtexit$$00000004  c_w.l(rtexit2.o)
    0x0800022c   0x00000096   Code   RO         5629    .emb_text           port.o
    0x080002c2   0x00000002   PAD
    0x080002c4   0x00000040   Code   RO            4    .text               startup_stm32f103xe.o
    0x08000304   0x00000002   Code   RO         5708    .text               c_w.l(use_no_semi_2.o)
    0x08000306   0x00000026   Code   RO         5710    .text               c_w.l(llushr.o)
    0x0800032c   0x00000018   Code   RO         5714    .text               c_w.l(noretval__2printf.o)
    0x08000344   0x0000004e   Code   RO         5718    .text               c_w.l(_printf_pad.o)
    0x08000392   0x00000052   Code   RO         5720    .text               c_w.l(_printf_str.o)
    0x080003e4   0x00000078   Code   RO         5722    .text               c_w.l(_printf_dec.o)
    0x0800045c   0x00000058   Code   RO         5727    .text               c_w.l(_printf_hex_int.o)
    0x080004b4   0x00000188   Code   RO         5762    .text               c_w.l(__printf_flags_ss_wp.o)
    0x0800063c   0x0000008a   Code   RO         5771    .text               c_w.l(rt_memcpy_v6.o)
    0x080006c6   0x00000010   Code   RO         5775    .text               c_w.l(aeabi_memset.o)
    0x080006d6   0x0000004e   Code   RO         5777    .text               c_w.l(rt_memclr_w.o)
    0x08000724   0x00000006   Code   RO         5779    .text               c_w.l(heapauxi.o)
    0x0800072a   0x00000002   Code   RO         5843    .text               c_w.l(use_no_semi.o)
    0x0800072c   0x000000b2   Code   RO         5846    .text               c_w.l(_printf_intcommon.o)
    0x080007de   0x0000002c   Code   RO         5848    .text               c_w.l(_printf_char.o)
    0x0800080a   0x00000002   PAD
    0x0800080c   0x00000024   Code   RO         5850    .text               c_w.l(_printf_char_file.o)
    0x08000830   0x00000064   Code   RO         5853    .text               c_w.l(rt_memcpy_w.o)
    0x08000894   0x00000044   Code   RO         5855    .text               c_w.l(rt_memclr.o)
    0x080008d8   0x00000030   Code   RO         5885    .text               c_w.l(_printf_char_common.o)
    0x08000908   0x00000008   Code   RO         5887    .text               c_w.l(ferror.o)
    0x08000910   0x0000004a   Code   RO         5891    .text               c_w.l(sys_stackheap_outer.o)
    0x0800095a   0x00000012   Code   RO         5895    .text               c_w.l(exit.o)
    0x0800096c   0x00000008   Code   RO         5903    .text               c_w.l(libspace.o)
    0x08000974   0x00000004   Code   RO         1425    i.BusFault_Handler  stm32f1xx_it.o
    0x08000978   0x00000020   Code   RO           13    i.CopyData_DList    dlist_uart.o
    0x08000998   0x00000030   Code   RO           14    i.Create_DList      dlist_uart.o
    0x080009c8   0x00000010   Code   RO         1426    i.DMA1_Channel2_IRQHandler  stm32f1xx_it.o
    0x080009d8   0x00000010   Code   RO         1427    i.DMA1_Channel3_IRQHandler  stm32f1xx_it.o
    0x080009e8   0x00000010   Code   RO         1428    i.DMA1_Channel4_IRQHandler  stm32f1xx_it.o
    0x080009f8   0x00000010   Code   RO         1429    i.DMA1_Channel6_IRQHandler  stm32f1xx_it.o
    0x08000a08   0x00000010   Code   RO         1430    i.DMA1_Channel7_IRQHandler  stm32f1xx_it.o
    0x08000a18   0x0000002c   Code   RO         2003    i.DMA_SetConfig     stm32f1xx_hal_dma.o
    0x08000a44   0x00000002   Code   RO         1431    i.DebugMon_Handler  stm32f1xx_it.o
    0x08000a46   0x00000016   Code   RO           15    i.DeleteData_DList  dlist_uart.o
    0x08000a5c   0x0000001c   Code   RO          609    i.DisableKeys       real_main.o
    0x08000a78   0x00000030   Code   RO          610    i.EnableKeys        real_main.o
    0x08000aa8   0x00000006   Code   RO         1243    i.Error_Handler     main.o
    0x08000aae   0x00000002   PAD
    0x08000ab0   0x00000028   Code   RO         2457    i.FLASH_PageErase   stm32f1xx_hal_flash_ex.o
    0x08000ad8   0x00000020   Code   RO         2345    i.FLASH_Program_HalfWord  stm32f1xx_hal_flash.o
    0x08000af8   0x00000084   Code   RO         2346    i.FLASH_SetErrorCode  stm32f1xx_hal_flash.o
    0x08000b7c   0x00000070   Code   RO         2347    i.FLASH_WaitForLastOperation  stm32f1xx_hal_flash.o
    0x08000bec   0x00000184   Code   RO          218    i.FOS_InitUartBuffer  fos_uart.o
    0x08000d70   0x0000008c   Code   RO          219    i.FOS_UART_Transmit  fos_uart.o
    0x08000dfc   0x00000088   Code   RO          220    i.FOS_UART_Transmit_DMA  fos_uart.o
    0x08000e84   0x00000094   Code   RO          221    i.FOS_printf        fos_uart.o
    0x08000f18   0x0000006c   Code   RO         1105    i.FindTimeG         cather.o
    0x08000f84   0x0000009c   Code   RO         1106    i.Function          cather.o
    0x08001020   0x0000003c   Code   RO          222    i.GetBufferHandle   fos_uart.o
    0x0800105c   0x00000056   Code   RO         2004    i.HAL_DMA_Abort     stm32f1xx_hal_dma.o
    0x080010b2   0x00000002   PAD
    0x080010b4   0x000001a8   Code   RO         2005    i.HAL_DMA_Abort_IT  stm32f1xx_hal_dma.o
    0x0800125c   0x00000398   Code   RO         2009    i.HAL_DMA_IRQHandler  stm32f1xx_hal_dma.o
    0x080015f4   0x0000008c   Code   RO         2010    i.HAL_DMA_Init      stm32f1xx_hal_dma.o
    0x08001680   0x0000009c   Code   RO         2014    i.HAL_DMA_Start_IT  stm32f1xx_hal_dma.o
    0x0800171c   0x00000014   Code   RO         2351    i.HAL_FLASH_Lock    stm32f1xx_hal_flash.o
    0x08001730   0x000000b0   Code   RO         2356    i.HAL_FLASH_Program  stm32f1xx_hal_flash.o
    0x080017e0   0x00000030   Code   RO         2358    i.HAL_FLASH_Unlock  stm32f1xx_hal_flash.o
    0x08001810   0x00000340   Code   RO         1940    i.HAL_GPIO_Init     stm32f1xx_hal_gpio.o
    0x08001b50   0x00000010   Code   RO         1942    i.HAL_GPIO_ReadPin  stm32f1xx_hal_gpio.o
    0x08001b60   0x00000014   Code   RO         1943    i.HAL_GPIO_TogglePin  stm32f1xx_hal_gpio.o
    0x08001b74   0x0000000c   Code   RO         1944    i.HAL_GPIO_WritePin  stm32f1xx_hal_gpio.o
    0x08001b80   0x0000000c   Code   RO         1629    i.HAL_GetTick       stm32f1xx_hal.o
    0x08001b8c   0x00000018   Code   RO         1635    i.HAL_IncTick       stm32f1xx_hal.o
    0x08001ba4   0x00000028   Code   RO         1636    i.HAL_Init          stm32f1xx_hal.o
    0x08001bcc   0x000000b0   Code   RO         1543    i.HAL_InitTick      stm32f1xx_hal_timebase_tim.o
    0x08001c7c   0x00000060   Code   RO         1519    i.HAL_MspInit       stm32f1xx_hal_msp.o
    0x08001cdc   0x00000020   Code   RO         2100    i.HAL_NVIC_EnableIRQ  stm32f1xx_hal_cortex.o
    0x08001cfc   0x0000007c   Code   RO         2106    i.HAL_NVIC_SetPriority  stm32f1xx_hal_cortex.o
    0x08001d78   0x00000028   Code   RO         2107    i.HAL_NVIC_SetPriorityGrouping  stm32f1xx_hal_cortex.o
    0x08001da0   0x0000018c   Code   RO         1793    i.HAL_RCC_ClockConfig  stm32f1xx_hal_rcc.o
    0x08001f2c   0x00000044   Code   RO         1797    i.HAL_RCC_GetClockConfig  stm32f1xx_hal_rcc.o
    0x08001f70   0x0000000c   Code   RO         1798    i.HAL_RCC_GetHCLKFreq  stm32f1xx_hal_rcc.o
    0x08001f7c   0x00000020   Code   RO         1800    i.HAL_RCC_GetPCLK1Freq  stm32f1xx_hal_rcc.o
    0x08001f9c   0x00000020   Code   RO         1801    i.HAL_RCC_GetPCLK2Freq  stm32f1xx_hal_rcc.o
    0x08001fbc   0x00000074   Code   RO         1802    i.HAL_RCC_GetSysClockFreq  stm32f1xx_hal_rcc.o
    0x08002030   0x00000464   Code   RO         1805    i.HAL_RCC_OscConfig  stm32f1xx_hal_rcc.o
    0x08002494   0x00000002   Code   RO         3343    i.HAL_TIMEx_BreakCallback  stm32f1xx_hal_tim_ex.o
    0x08002496   0x00000002   Code   RO         3344    i.HAL_TIMEx_CommutCallback  stm32f1xx_hal_tim_ex.o
    0x08002498   0x00000066   Code   RO         2628    i.HAL_TIM_Base_Init  stm32f1xx_hal_tim.o
    0x080024fe   0x00000002   Code   RO         2630    i.HAL_TIM_Base_MspInit  stm32f1xx_hal_tim.o
    0x08002500   0x00000090   Code   RO         2633    i.HAL_TIM_Base_Start_IT  stm32f1xx_hal_tim.o
    0x08002590   0x00000002   Code   RO         2662    i.HAL_TIM_IC_CaptureCallback  stm32f1xx_hal_tim.o
    0x08002592   0x00000196   Code   RO         2676    i.HAL_TIM_IRQHandler  stm32f1xx_hal_tim.o
    0x08002728   0x00000002   Code   RO         2679    i.HAL_TIM_OC_DelayElapsedCallback  stm32f1xx_hal_tim.o
    0x0800272a   0x00000002   Code   RO         2706    i.HAL_TIM_PWM_PulseFinishedCallback  stm32f1xx_hal_tim.o
    0x0800272c   0x00000012   Code   RO         1244    i.HAL_TIM_PeriodElapsedCallback  main.o
    0x0800273e   0x00000002   Code   RO         2719    i.HAL_TIM_TriggerCallback  stm32f1xx_hal_tim.o
    0x08002740   0x00000072   Code   RO         3620    i.HAL_UARTEx_ReceiveToIdle_DMA  stm32f1xx_hal_uart.o
    0x080027b2   0x00000002   Code   RO         3622    i.HAL_UARTEx_RxEventCallback  stm32f1xx_hal_uart.o
    0x080027b4   0x00000002   Code   RO         3624    i.HAL_UART_AbortCpltCallback  stm32f1xx_hal_uart.o
    0x080027b6   0x00000002   Code   RO         3626    i.HAL_UART_AbortReceiveCpltCallback  stm32f1xx_hal_uart.o
    0x080027b8   0x00000002   Code   RO         3629    i.HAL_UART_AbortTransmitCpltCallback  stm32f1xx_hal_uart.o
    0x080027ba   0x00000002   Code   RO         3636    i.HAL_UART_ErrorCallback  stm32f1xx_hal_uart.o
    0x080027bc   0x000002e4   Code   RO         3639    i.HAL_UART_IRQHandler  stm32f1xx_hal_uart.o
    0x08002aa0   0x00000088   Code   RO         3640    i.HAL_UART_Init     stm32f1xx_hal_uart.o
    0x08002b28   0x000002e8   Code   RO         1372    i.HAL_UART_MspInit  usart.o
    0x08002e10   0x0000009c   Code   RO         3646    i.HAL_UART_RegisterCallback  stm32f1xx_hal_uart.o
    0x08002eac   0x0000004c   Code   RO         3647    i.HAL_UART_RegisterRxEventCallback  stm32f1xx_hal_uart.o
    0x08002ef8   0x00000002   Code   RO         3648    i.HAL_UART_RxCpltCallback  stm32f1xx_hal_uart.o
    0x08002efa   0x00000002   Code   RO         3649    i.HAL_UART_RxHalfCpltCallback  stm32f1xx_hal_uart.o
    0x08002efc   0x000000b2   Code   RO         3650    i.HAL_UART_Transmit  stm32f1xx_hal_uart.o
    0x08002fae   0x00000002   PAD
    0x08002fb0   0x0000008c   Code   RO         3651    i.HAL_UART_Transmit_DMA  stm32f1xx_hal_uart.o
    0x0800303c   0x00000002   Code   RO         3653    i.HAL_UART_TxCpltCallback  stm32f1xx_hal_uart.o
    0x0800303e   0x00000002   Code   RO         3654    i.HAL_UART_TxHalfCpltCallback  stm32f1xx_hal_uart.o
    0x08003040   0x00000004   Code   RO         1432    i.HardFault_Handler  stm32f1xx_it.o
    0x08003044   0x0000009c   Code   RO         1107    i.InitScalpel       cather.o
    0x080030e0   0x000001c8   Code   RO         1108    i.Init_PT_Count     cather.o
    0x080032a8   0x00000060   Code   RO          611    i.KEY_Back_Push     real_main.o
    0x08003308   0x0000001c   Code   RO          612    i.KEY_Back_Release  real_main.o
    0x08003324   0x00000060   Code   RO          613    i.KEY_Forword_Push  real_main.o
    0x08003384   0x0000001c   Code   RO          614    i.KEY_Forword_Release  real_main.o
    0x080033a0   0x00000002   Code   RO          615    i.KEY_NULL          real_main.o
    0x080033a2   0x00000002   PAD
    0x080033a4   0x00000020   Code   RO          451    i.KEY_SoftTimerCallback  key.o
    0x080033c4   0x00000002   Code   RO          452    i.KeyCallBack       key.o
    0x080033c6   0x00000002   PAD
    0x080033c8   0x000000b4   Code   RO          453    i.KeyInit           key.o
    0x0800347c   0x00000108   Code   RO          454    i.KeyStatus         key.o
    0x08003584   0x00000040   Code   RO         1109    i.Locate            cather.o
    0x080035c4   0x00000002   Code   RO          455    i.LongPushRelease_CallBack  key.o
    0x080035c6   0x00000002   PAD
    0x080035c8   0x00000074   Code   RO         1347    i.MX_DMA_Init       dma.o
    0x0800363c   0x00000020   Code   RO         1312    i.MX_FREERTOS_Init  freertos.o
    0x0800365c   0x000000bc   Code   RO         1288    i.MX_GPIO_Init      gpio.o
    0x08003718   0x00000038   Code   RO         1373    i.MX_USART1_UART_Init  usart.o
    0x08003750   0x00000038   Code   RO         1374    i.MX_USART2_UART_Init  usart.o
    0x08003788   0x00000038   Code   RO         1375    i.MX_USART3_UART_Init  usart.o
    0x080037c0   0x00000084   Code   RO          902    i.MeanFliter        ys_moto.o
    0x08003844   0x00000004   Code   RO         1433    i.MemManage_Handler  stm32f1xx_it.o
    0x08003848   0x00000004   Code   RO         1434    i.NMI_Handler       stm32f1xx_it.o
    0x0800384c   0x00000100   Code   RO          903    i.PID_Ctrl          ys_moto.o
    0x0800394c   0x00000054   Code   RO           16    i.PopHead_DList     dlist_uart.o
    0x080039a0   0x0000005a   Code   RO           20    i.PushHead_DList    dlist_uart.o
    0x080039fa   0x00000062   Code   RO           21    i.PushTail_DList    dlist_uart.o
    0x08003a5c   0x00000028   Code   RO         1806    i.RCC_Delay         stm32f1xx_hal_rcc.o
    0x08003a84   0x00000088   Code   RO          456    i.RealKeyStatus     key.o
    0x08003b0c   0x0000007c   Code   RO         1110    i.RefreshTraj       cather.o
    0x08003b88   0x0000004c   Code   RO          223    i.Register_RX_CallBack  fos_uart.o
    0x08003bd4   0x00000002   Code   RO         1111    i.SC_Null           cather.o
    0x08003bd6   0x0000001c   Code   RO         1058    i.STMFLASH_ReadBit  stmflash.o
    0x08003bf2   0x00000002   PAD
    0x08003bf4   0x00000124   Code   RO         1059    i.STMFLASH_Write    stmflash.o
    0x08003d18   0x0000002c   Code   RO         1060    i.STMFLASH_Write_NoCheck  stmflash.o
    0x08003d44   0x00000054   Code   RO         1112    i.ScalpelLocated_CallBack  cather.o
    0x08003d98   0x00000018   Code   RO         1113    i.ScalpelStop       cather.o
    0x08003db0   0x00000048   Code   RO         1114    i.ScalpelStored     cather.o
    0x08003df8   0x00000048   Code   RO         1115    i.ScalpelStretched  cather.o
    0x08003e40   0x000002a8   Code   RO         1116    i.Scalpel_ReceiveCMD  cather.o
    0x080040e8   0x000000b0   Code   RO          616    i.StartDefaultTask  real_main.o
    0x08004198   0x00000074   Code   RO         1117    i.Store             cather.o
    0x0800420c   0x000004bc   Code   RO          224    i.StrCombine        fos_uart.o
    0x080046c8   0x00000070   Code   RO         1118    i.Stretch           cather.o
    0x08004738   0x00000034   Code   RO         5630    i.SysTick_Handler   port.o
    0x0800476c   0x00000064   Code   RO         1245    i.SystemClock_Config  main.o
    0x080047d0   0x00000002   Code   RO         4014    i.SystemInit        system_stm32f1xx.o
    0x080047d2   0x00000002   PAD
    0x080047d4   0x00000010   Code   RO         1435    i.TIM2_IRQHandler   stm32f1xx_it.o
    0x080047e4   0x0000009c   Code   RO         2721    i.TIM_Base_SetConfig  stm32f1xx_hal_tim.o
    0x08004880   0x00000016   Code   RO         5146    i.TimerCallback     cmsis_os2.o
    0x08004896   0x00000002   PAD
    0x08004898   0x00000054   Code   RO          225    i.UART1_AddDevice   fos_uart.o
    0x080048ec   0x0000008c   Code   RO          226    i.UART1_ReceiveDistributeCllback  fos_uart.o
    0x08004978   0x00000064   Code   RO          227    i.UART1_TxCplt_CallBack  fos_uart.o
    0x080049dc   0x0000002c   Code   RO          228    i.UART2_IDLE_CallBack  fos_uart.o
    0x08004a08   0x00000064   Code   RO          229    i.UART2_TxCplt_CallBack  fos_uart.o
    0x08004a6c   0x0000002c   Code   RO          230    i.UART3_IDLE_CallBack  fos_uart.o
    0x08004a98   0x00000064   Code   RO          231    i.UART3_TxCplt_CallBack  fos_uart.o
    0x08004afc   0x00000030   Code   RO          232    i.UART_ABORT_COMPLETE_CallBack  fos_uart.o
    0x08004b2c   0x00000038   Code   RO          233    i.UART_ABORT_RECEIVE_COMPLETE_CallBack  fos_uart.o
    0x08004b64   0x00000038   Code   RO          234    i.UART_ABORT_TRANSMIT_COMPLETE_CallBack  fos_uart.o
    0x08004b9c   0x00000014   Code   RO         3657    i.UART_DMAAbortOnError  stm32f1xx_hal_uart.o
    0x08004bb0   0x00000050   Code   RO         3658    i.UART_DMAError     stm32f1xx_hal_uart.o
    0x08004c00   0x000000b4   Code   RO         3659    i.UART_DMAReceiveCplt  stm32f1xx_hal_uart.o
    0x08004cb4   0x00000024   Code   RO         3661    i.UART_DMARxHalfCplt  stm32f1xx_hal_uart.o
    0x08004cd8   0x00000058   Code   RO         3663    i.UART_DMATransmitCplt  stm32f1xx_hal_uart.o
    0x08004d30   0x0000000e   Code   RO         3665    i.UART_DMATxHalfCplt  stm32f1xx_hal_uart.o
    0x08004d3e   0x0000006c   Code   RO         3667    i.UART_EndRxTransfer  stm32f1xx_hal_uart.o
    0x08004daa   0x00000020   Code   RO         3668    i.UART_EndTransmit_IT  stm32f1xx_hal_uart.o
    0x08004dca   0x00000026   Code   RO         3669    i.UART_EndTxTransfer  stm32f1xx_hal_uart.o
    0x08004df0   0x000000d8   Code   RO          235    i.UART_Error_CallBack  fos_uart.o
    0x08004ec8   0x0000004c   Code   RO         3670    i.UART_InitCallbacksToDefault  stm32f1xx_hal_uart.o
    0x08004f14   0x000000fc   Code   RO         3671    i.UART_Receive_IT   stm32f1xx_hal_uart.o
    0x08005010   0x000000fc   Code   RO         3672    i.UART_SetConfig    stm32f1xx_hal_uart.o
    0x0800510c   0x00000124   Code   RO          236    i.UART_SoftTimerCallBack  fos_uart.o
    0x08005230   0x000000c8   Code   RO         3673    i.UART_Start_Receive_DMA  stm32f1xx_hal_uart.o
    0x080052f8   0x00000060   Code   RO         3675    i.UART_Transmit_IT  stm32f1xx_hal_uart.o
    0x08005358   0x00000092   Code   RO         3676    i.UART_WaitOnFlagUntilTimeout  stm32f1xx_hal_uart.o
    0x080053ea   0x00000002   PAD
    0x080053ec   0x00000010   Code   RO          237    i.USART1_IRQHandler  fos_uart.o
    0x080053fc   0x00000010   Code   RO          238    i.USART2_IRQHandler  fos_uart.o
    0x0800540c   0x00000010   Code   RO          239    i.USART3_IRQHandler  fos_uart.o
    0x0800541c   0x0000002c   Code   RO          617    i.Uart_ReceiveCMD   real_main.o
    0x08005448   0x00000004   Code   RO         1436    i.UsageFault_Handler  stm32f1xx_it.o
    0x0800544c   0x0000001a   Code   RO          904    i.YS_CheckBit       ys_moto.o
    0x08005466   0x00000088   Code   RO          905    i.YS_FastGoto       ys_moto.o
    0x080054ee   0x00000036   Code   RO          906    i.YS_FollowPos_Traj  ys_moto.o
    0x08005524   0x00000124   Code   RO          908    i.YS_MotoInit       ys_moto.o
    0x08005648   0x00000154   Code   RO          909    i.YS_Moto_Data_UART_Callback  ys_moto.o
    0x0800579c   0x00000002   Code   RO          910    i.YS_Null           ys_moto.o
    0x0800579e   0x00000002   PAD
    0x080057a0   0x0000000c   Code   RO          911    i.YS_P_drive_ISR_DisCallBack  ys_moto.o
    0x080057ac   0x0000016c   Code   RO          914    i.YS_SoftTimerCallback  ys_moto.o
    0x08005918   0x00000070   Code   RO          915    i.YS_Stop           ys_moto.o
    0x08005988   0x0000005e   Code   RO          916    i.YS_Velo_drive     ys_moto.o
    0x080059e6   0x00000002   PAD
    0x080059e8   0x0000000c   Code   RO          918    i.YS_atTrajEnd_DisCallBack  ys_moto.o
    0x080059f4   0x00000002   Code   RO          241    i._UART2_Rx_CallBack  fos_uart.o
    0x080059f6   0x00000002   Code   RO          242    i._UART3_Rx_CallBack  fos_uart.o
    0x080059f8   0x00000010   Code   RO         2113    i.__NVIC_GetPriorityGrouping  stm32f1xx_hal_cortex.o
    0x08005a08   0x00000028   Code   RO         2114    i.__NVIC_SetPriority  stm32f1xx_hal_cortex.o
    0x08005a30   0x0000004c   Code   RO          919    i.__YS_Clear        ys_moto.o
    0x08005a7c   0x00000066   Code   RO          920    i.__YS_Pos_drive    ys_moto.o
    0x08005ae2   0x0000008e   Code   RO          921    i.__YS_Stop         ys_moto.o
    0x08005b70   0x0000006a   Code   RO          922    i.__YS_Volt_drive   ys_moto.o
    0x08005bda   0x00000006   Code   RO         5147    i.__get_BASEPRI     cmsis_os2.o
    0x08005be0   0x00000006   Code   RO         5148    i.__get_IPSR        cmsis_os2.o
    0x08005be6   0x00000006   Code   RO         5149    i.__get_PRIMASK     cmsis_os2.o
    0x08005bec   0x0000000e   Code   RO         5755    i._is_digit         c_w.l(__printf_wp.o)
    0x08005bfa   0x00000004   Code   RO          243    i._sys_exit         fos_uart.o
    0x08005bfe   0x00000002   PAD
    0x08005c00   0x00000010   Code   RO         1120    i.countOrder        cather.o
    0x08005c10   0x0000000c   Code   RO         1121    i.countTurn         cather.o
    0x08005c1c   0x0000001c   Code   RO          244    i.fputc             fos_uart.o
    0x08005c38   0x0000002c   Code   RO         1246    i.main              main.o
    0x08005c64   0x0000006c   Code   RO          527    i.my_mem_free       malloc.o
    0x08005cd0   0x00000030   Code   RO          528    i.my_mem_init       malloc.o
    0x08005d00   0x000000a8   Code   RO          529    i.my_mem_malloc     malloc.o
    0x08005da8   0x00000040   Code   RO          530    i.my_mem_perused    malloc.o
    0x08005de8   0x00000014   Code   RO          531    i.my_mem_set        malloc.o
    0x08005dfc   0x00000024   Code   RO          532    i.myfree            malloc.o
    0x08005e20   0x00000028   Code   RO          533    i.mymalloc          malloc.o
    0x08005e48   0x00000038   Code   RO         5150    i.osDelay           cmsis_os2.o
    0x08005e80   0x00000040   Code   RO         5164    i.osKernelInitialize  cmsis_os2.o
    0x08005ec0   0x00000044   Code   RO         5167    i.osKernelStart     cmsis_os2.o
    0x08005f04   0x000000dc   Code   RO         5201    i.osThreadNew       cmsis_os2.o
    0x08005fe0   0x000000cc   Code   RO         5210    i.osTimerNew        cmsis_os2.o
    0x080060ac   0x00000054   Code   RO         5211    i.osTimerStart      cmsis_os2.o
    0x08006100   0x0000007c   Code   RO         4622    i.prvAddCurrentTaskToDelayedList  tasks.o
    0x0800617c   0x000000b8   Code   RO         4623    i.prvAddNewTaskToReadyList  tasks.o
    0x08006234   0x00000074   Code   RO         4983    i.prvCheckForValidListAndQueue  timers.o
    0x080062a8   0x00000048   Code   RO         4624    i.prvCheckTasksWaitingTermination  tasks.o
    0x080062f0   0x0000002a   Code   RO         4215    i.prvCopyDataFromQueue  queue.o
    0x0800631a   0x0000007c   Code   RO         4216    i.prvCopyDataToQueue  queue.o
    0x08006396   0x00000050   Code   RO         4625    i.prvDeleteTCB      tasks.o
    0x080063e6   0x00000002   PAD
    0x080063e8   0x00000028   Code   RO         4984    i.prvGetNextExpireTime  timers.o
    0x08006410   0x0000007c   Code   RO         5580    i.prvHeapInit       heap_4.o
    0x0800648c   0x00000028   Code   RO         4626    i.prvIdleTask       tasks.o
    0x080064b4   0x0000002a   Code   RO         4219    i.prvInitialiseNewQueue  queue.o
    0x080064de   0x000000b4   Code   RO         4627    i.prvInitialiseNewTask  tasks.o
    0x08006592   0x0000004e   Code   RO         4985    i.prvInitialiseNewTimer  timers.o
    0x080065e0   0x00000068   Code   RO         4628    i.prvInitialiseTaskLists  tasks.o
    0x08006648   0x00000068   Code   RO         5581    i.prvInsertBlockIntoFreeList  heap_4.o
    0x080066b0   0x00000058   Code   RO         4986    i.prvInsertTimerInActiveList  timers.o
    0x08006708   0x0000001a   Code   RO         4220    i.prvIsQueueEmpty   queue.o
    0x08006722   0x0000001e   Code   RO         4221    i.prvIsQueueFull    queue.o
    0x08006740   0x00000064   Code   RO         4987    i.prvProcessExpiredTimer  timers.o
    0x080067a4   0x00000128   Code   RO         4988    i.prvProcessReceivedCommands  timers.o
    0x080068cc   0x00000074   Code   RO         4989    i.prvProcessTimerOrBlockTask  timers.o
    0x08006940   0x00000034   Code   RO         4630    i.prvResetNextTaskUnblockTime  tasks.o
    0x08006974   0x0000002c   Code   RO         4990    i.prvSampleTimeNow  timers.o
    0x080069a0   0x000000a0   Code   RO         4991    i.prvSwitchTimerLists  timers.o
    0x08006a40   0x00000040   Code   RO         5631    i.prvTaskExitError  port.o
    0x08006a80   0x00000058   Code   RO         4632    i.prvTaskIsTaskSuspended  tasks.o
    0x08006ad8   0x0000001a   Code   RO         4992    i.prvTimerTask      timers.o
    0x08006af2   0x0000007e   Code   RO         4222    i.prvUnlockQueue    queue.o
    0x08006b70   0x0000013c   Code   RO         5582    i.pvPortMalloc      heap_4.o
    0x08006cac   0x0000002c   Code   RO         4993    i.pvTimerGetTimerID  timers.o
    0x08006cd8   0x00000024   Code   RO         5632    i.pxPortInitialiseStack  port.o
    0x08006cfc   0x00000006   Code   RO          717    i.read_addr         usmart.o
    0x08006d02   0x00000002   PAD
    0x08006d04   0x000000b0   Code   RO          718    i.usmart_cmd_rec    usmart.o
    0x08006db4   0x000002b4   Code   RO          719    i.usmart_exe        usmart.o
    0x08007068   0x000000d4   Code   RO          818    i.usmart_get_aparm  usmart_str.o
    0x0800713c   0x00000036   Code   RO          819    i.usmart_get_cmdname  usmart_str.o
    0x08007172   0x00000002   PAD
    0x08007174   0x000001c0   Code   RO          820    i.usmart_get_fname  usmart_str.o
    0x08007334   0x0000010c   Code   RO          821    i.usmart_get_fparam  usmart_str.o
    0x08007440   0x00000020   Code   RO          822    i.usmart_get_parmpos  usmart_str.o
    0x08007460   0x00000024   Code   RO          720    i.usmart_get_runtime  usmart.o
    0x08007484   0x0000000c   Code   RO          721    i.usmart_init       usmart.o
    0x08007490   0x00000016   Code   RO          823    i.usmart_pow        usmart_str.o
    0x080074a6   0x00000002   PAD
    0x080074a8   0x00000010   Code   RO          722    i.usmart_reset_runtime  usmart.o
    0x080074b8   0x000000ac   Code   RO          723    i.usmart_scan       usmart.o
    0x08007564   0x00000016   Code   RO          824    i.usmart_search_nextc  usmart_str.o
    0x0800757a   0x00000106   Code   RO          825    i.usmart_str2num    usmart_str.o
    0x08007680   0x00000022   Code   RO          826    i.usmart_strcmp     usmart_str.o
    0x080076a2   0x00000016   Code   RO          827    i.usmart_strcopy    usmart_str.o
    0x080076b8   0x00000018   Code   RO          828    i.usmart_strlen     usmart_str.o
    0x080076d0   0x000006f4   Code   RO          724    i.usmart_sys_cmd_exe  usmart.o
    0x08007dc4   0x00000028   Code   RO         4175    i.uxListRemove      list.o
    0x08007dec   0x00000018   Code   RO         5213    i.vApplicationGetIdleTaskMemory  cmsis_os2.o
    0x08007e04   0x00000018   Code   RO         5214    i.vApplicationGetTimerTaskMemory  cmsis_os2.o
    0x08007e1c   0x0000001a   Code   RO         4176    i.vListInitialise   list.o
    0x08007e36   0x00000006   Code   RO         4177    i.vListInitialiseItem  list.o
    0x08007e3c   0x00000034   Code   RO         4178    i.vListInsert       list.o
    0x08007e70   0x00000018   Code   RO         4179    i.vListInsertEnd    list.o
    0x08007e88   0x00000054   Code   RO         5634    i.vPortEnterCritical  port.o
    0x08007edc   0x0000003c   Code   RO         5635    i.vPortExitCritical  port.o
    0x08007f18   0x00000094   Code   RO         5583    i.vPortFree         heap_4.o
    0x08007fac   0x00000028   Code   RO         5636    i.vPortSetupTimerInterrupt  port.o
    0x08007fd4   0x00000078   Code   RO         5637    i.vPortValidateInterruptPriority  port.o
    0x0800804c   0x0000002c   Code   RO         4228    i.vQueueAddToRegistry  queue.o
    0x08008078   0x0000004a   Code   RO         4232    i.vQueueWaitForMessageRestricted  queue.o
    0x080080c2   0x00000002   PAD
    0x080080c4   0x0000005c   Code   RO         4642    i.vTaskDelay        tasks.o
    0x08008120   0x00000018   Code   RO         4647    i.vTaskInternalSetTimeOutState  tasks.o
    0x08008138   0x0000000c   Code   RO         4648    i.vTaskMissedYield  tasks.o
    0x08008144   0x00000038   Code   RO         4650    i.vTaskPlaceOnEventList  tasks.o
    0x0800817c   0x00000040   Code   RO         4651    i.vTaskPlaceOnEventListRestricted  tasks.o
    0x080081bc   0x000000b8   Code   RO         4659    i.vTaskStartScheduler  tasks.o
    0x08008274   0x000000c8   Code   RO         4660    i.vTaskSuspend      tasks.o
    0x0800833c   0x00000010   Code   RO         4661    i.vTaskSuspendAll   tasks.o
    0x0800834c   0x00000090   Code   RO         4662    i.vTaskSwitchContext  tasks.o
    0x080083dc   0x00000004   Code   RO          725    i.write_addr        usmart.o
    0x080083e0   0x000000f8   Code   RO         5638    i.xPortStartScheduler  port.o
    0x080084d8   0x000000de   Code   RO         4238    i.xQueueGenericCreateStatic  queue.o
    0x080085b6   0x00000002   PAD
    0x080085b8   0x00000098   Code   RO         4239    i.xQueueGenericReset  queue.o
    0x08008650   0x000001a8   Code   RO         4240    i.xQueueGenericSend  queue.o
    0x080087f8   0x000000f8   Code   RO         4241    i.xQueueGenericSendFromISR  queue.o
    0x080088f0   0x00000168   Code   RO         4250    i.xQueueReceive     queue.o
    0x08008a58   0x0000008c   Code   RO         4663    i.xTaskCheckForTimeOut  tasks.o
    0x08008ae4   0x00000064   Code   RO         4664    i.xTaskCreate       tasks.o
    0x08008b48   0x000000b8   Code   RO         4665    i.xTaskCreateStatic  tasks.o
    0x08008c00   0x00000020   Code   RO         4669    i.xTaskGetSchedulerState  tasks.o
    0x08008c20   0x0000000c   Code   RO         4670    i.xTaskGetTickCount  tasks.o
    0x08008c2c   0x00000014   Code   RO         4671    i.xTaskGetTickCountFromISR  tasks.o
    0x08008c40   0x00000144   Code   RO         4672    i.xTaskIncrementTick  tasks.o
    0x08008d84   0x000000a4   Code   RO         4675    i.xTaskPriorityDisinherit  tasks.o
    0x08008e28   0x00000098   Code   RO         4677    i.xTaskRemoveFromEventList  tasks.o
    0x08008ec0   0x00000104   Code   RO         4678    i.xTaskResumeAll    tasks.o
    0x08008fc4   0x000000b0   Code   RO         4679    i.xTaskResumeFromISR  tasks.o
    0x08009074   0x00000036   Code   RO         4997    i.xTimerCreate      timers.o
    0x080090aa   0x00000070   Code   RO         4998    i.xTimerCreateStatic  timers.o
    0x0800911a   0x00000002   PAD
    0x0800911c   0x00000078   Code   RO         4999    i.xTimerCreateTimerTask  timers.o
    0x08009194   0x00000084   Code   RO         5000    i.xTimerGenericCommand  timers.o
    0x08009218   0x00000062   Code   RO         5783    x$fpl$d2f           fz_ws.l(d2f.o)
    0x0800927a   0x00000002   PAD
    0x0800927c   0x00000150   Code   RO         5785    x$fpl$dadd          fz_ws.l(daddsub_clz.o)
    0x080093cc   0x00000018   Code   RO         5857    x$fpl$dcmpinf       fz_ws.l(dcmpi.o)
    0x080093e4   0x000002b0   Code   RO         5792    x$fpl$ddiv          fz_ws.l(ddiv.o)
    0x08009694   0x00000078   Code   RO         5795    x$fpl$deqf          fz_ws.l(deqf.o)
    0x0800970c   0x0000005e   Code   RO         5797    x$fpl$dfix          fz_ws.l(dfix.o)
    0x0800976a   0x0000002e   Code   RO         5802    x$fpl$dflt          fz_ws.l(dflt_clz.o)
    0x08009798   0x00000078   Code   RO         5807    x$fpl$dleqf         fz_ws.l(dleqf.o)
    0x08009810   0x00000154   Code   RO         5809    x$fpl$dmul          fz_ws.l(dmul.o)
    0x08009964   0x0000009c   Code   RO         5859    x$fpl$dnaninf       fz_ws.l(dnaninf.o)
    0x08009a00   0x0000000c   Code   RO         5861    x$fpl$dretinf       fz_ws.l(dretinf.o)
    0x08009a0c   0x00000016   Code   RO         5786    x$fpl$drsb          fz_ws.l(daddsub_clz.o)
    0x08009a22   0x00000002   PAD
    0x08009a24   0x000001d4   Code   RO         5787    x$fpl$dsub          fz_ws.l(daddsub_clz.o)
    0x08009bf8   0x00000056   Code   RO         5811    x$fpl$f2d           fz_ws.l(f2d.o)
    0x08009c4e   0x00000002   PAD
    0x08009c50   0x000000c4   Code   RO         5813    x$fpl$fadd          fz_ws.l(faddsub_clz.o)
    0x08009d14   0x00000018   Code   RO         5863    x$fpl$fcmpinf       fz_ws.l(fcmpi.o)
    0x08009d2c   0x00000184   Code   RO         5820    x$fpl$fdiv          fz_ws.l(fdiv.o)
    0x08009eb0   0x00000036   Code   RO         5823    x$fpl$ffix          fz_ws.l(ffix.o)
    0x08009ee6   0x00000002   PAD
    0x08009ee8   0x0000003e   Code   RO         5827    x$fpl$ffixu         fz_ws.l(ffixu.o)
    0x08009f26   0x00000002   PAD
    0x08009f28   0x00000030   Code   RO         5832    x$fpl$fflt          fz_ws.l(fflt_clz.o)
    0x08009f58   0x00000026   Code   RO         5831    x$fpl$ffltu         fz_ws.l(fflt_clz.o)
    0x08009f7e   0x00000002   PAD
    0x08009f80   0x00000068   Code   RO         5837    x$fpl$fleqf         fz_ws.l(fleqf.o)
    0x08009fe8   0x00000102   Code   RO         5839    x$fpl$fmul          fz_ws.l(fmul.o)
    0x0800a0ea   0x0000008c   Code   RO         5865    x$fpl$fnaninf       fz_ws.l(fnaninf.o)
    0x0800a176   0x0000000a   Code   RO         5867    x$fpl$fretinf       fz_ws.l(fretinf.o)
    0x0800a180   0x00000062   Code   RO         5841    x$fpl$frleqf        fz_ws.l(frleqf.o)
    0x0800a1e2   0x00000002   PAD
    0x0800a1e4   0x000000ea   Code   RO         5815    x$fpl$fsub          fz_ws.l(faddsub_clz.o)
    0x0800a2ce   0x00000000   Code   RO         5869    x$fpl$usenofp       fz_ws.l(usenofp.o)
    0x0800a2ce   0x00000002   PAD
    0x0800a2d0   0x00000024   Data   RO          246    .constdata          fos_uart.o
    0x0800a2f4   0x00000010   Data   RO          457    .constdata          key.o
    0x0800a304   0x00000018   Data   RO          538    .constdata          malloc.o
    0x0800a31c   0x00000018   Data   RO          923    .constdata          ys_moto.o
    0x0800a334   0x00000024   Data   RO         1314    .constdata          freertos.o
    0x0800a358   0x00000012   Data   RO         1807    .constdata          stm32f1xx_hal_rcc.o
    0x0800a36a   0x00000018   Data   RO         4015    .constdata          system_stm32f1xx.o
    0x0800a382   0x00000028   Data   RO         5728    .constdata          c_w.l(_printf_hex_int.o)
    0x0800a3aa   0x00000011   Data   RO         5763    .constdata          c_w.l(__printf_flags_ss_wp.o)
    0x0800a3bb   0x00000001   PAD
    0x0800a3bc   0x0000000d   Data   RO          247    .conststring        fos_uart.o
    0x0800a3c9   0x00000003   PAD
    0x0800a3cc   0x0000000e   Data   RO          458    .conststring        key.o
    0x0800a3da   0x00000002   PAD
    0x0800a3dc   0x00000028   Data   RO          726    .conststring        usmart.o
    0x0800a404   0x0000004e   Data   RO          793    .conststring        usmart_config.o
    0x0800a452   0x00000002   PAD
    0x0800a454   0x0000000d   Data   RO          924    .conststring        ys_moto.o
    0x0800a461   0x00000003   PAD
    0x0800a464   0x0000000c   Data   RO         1315    .conststring        freertos.o
    0x0800a470   0x00000020   Data   RO         6026    Region$$Table       anon$$obj.o


    Execution Region RW_IRAM1 (Base: 0x20000000, Size: 0x000068a8, Max: 0x0000c000, ABSOLUTE, COMPRESSED[0x00000214])

    Base Addr    Size         Type   Attr      Idx    E Section Name        Object

    0x20000000   0x00000143   Data   RW          248    .data               fos_uart.o
    0x20000143   0x00000001   PAD
    0x20000144   0x00000015   Data   RW          459    .data               key.o
    0x20000159   0x00000003   PAD
    0x2000015c   0x0000001c   Data   RW          539    .data               malloc.o
    0x20000178   0x000000f9   Data   RW          618    .data               real_main.o
    0x20000271   0x00000003   PAD
    0x20000274   0x00000022   Data   RW          727    .data               usmart.o
    0x20000296   0x00000002   PAD
    0x20000298   0x00000104   Data   RW          794    .data               usmart_config.o
    0x2000039c   0x00000036   Data   RW          925    .data               ys_moto.o
    0x200003d2   0x00000002   PAD
    0x200003d4   0x000001c2   Data   RW         1126    .data               cather.o
    0x20000596   0x00000002   PAD
    0x20000598   0x00000004   Data   RW         1316    .data               freertos.o
    0x2000059c   0x00000009   Data   RW         1643    .data               stm32f1xx_hal.o
    0x200005a5   0x00000003   PAD
    0x200005a8   0x00000004   Data   RW         4016    .data               system_stm32f1xx.o
    0x200005ac   0x0000003c   Data   RW         4681    .data               tasks.o
    0x200005e8   0x00000014   Data   RW         5008    .data               timers.o
    0x200005fc   0x00000004   Data   RW         5216    .data               cmsis_os2.o
    0x20000600   0x00000018   Data   RW         5588    .data               heap_4.o
    0x20000618   0x0000000c   Data   RW         5639    .data               port.o
    0x20000624   0x00000154   Zero   RW          245    .bss                fos_uart.o
    0x20000778   0x00000008   PAD
    0x20000780   0x00002a80   Zero   RW          537    .bss                malloc.o
    0x20003200   0x00000800   Zero   RW         1061    .bss                stmflash.o
    0x20003a00   0x00000fb4   Zero   RW         1123    .bss                cather.o
    0x200049b4   0x00000300   Zero   RW         1376    .bss                usart.o
    0x20004cb4   0x00000048   Zero   RW         1546    .bss                stm32f1xx_hal_timebase_tim.o
    0x20004cfc   0x00000004   PAD
    0x20004d00   0x00000020   Zero   RW         2359    .bss                stm32f1xx_hal_flash.o
    0x20004d20   0x00000040   Zero   RW         4254    .bss                queue.o
    0x20004d60   0x000004c4   Zero   RW         4680    .bss                tasks.o
    0x20005224   0x00000118   Zero   RW         5007    .bss                timers.o
    0x2000533c   0x000006b8   Zero   RW         5215    .bss                cmsis_os2.o
    0x200059f4   0x00000c00   Zero   RW         5587    .bss                heap_4.o
    0x200065f4   0x00000060   Zero   RW         5904    .bss                c_w.l(libspace.o)
    0x20006654   0x00000004   PAD
    0x20006658   0x00000050   Zero   RW            2    HEAP                startup_stm32f103xe.o
    0x200066a8   0x00000200   Zero   RW            1    STACK               startup_stm32f103xe.o



  Load Region LR$$.ARM.__AT_0x68000000 (Base: 0x68000000, Size: 0x00000000, Max: 0x00001400, ABSOLUTE)

    Execution Region ER$$.ARM.__AT_0x68000000 (Base: 0x68000000, Size: 0x00001400, Max: 0x00001400, ABSOLUTE, UNINIT)

    Base Addr    Size         Type   Attr      Idx    E Section Name        Object

    0x68000000   0x00001400   Zero   RW          535    .ARM.__AT_0x68000000  malloc.o



  Load Region LR$$.ARM.__AT_0x68001400 (Base: 0x68001400, Size: 0x00000000, Max: 0x00000140, ABSOLUTE)

    Execution Region ER$$.ARM.__AT_0x68001400 (Base: 0x68001400, Size: 0x00000140, Max: 0x00000140, ABSOLUTE, UNINIT)

    Base Addr    Size         Type   Attr      Idx    E Section Name        Object

    0x68001400   0x00000140   Zero   RW          536    .ARM.__AT_0x68001400  malloc.o


==============================================================================

Image component sizes


      Code (inc. data)   RO Data    RW Data    ZI Data      Debug   Object Name

      2254        462          0        450       4020      11333   cather.o
       784         52          0          4       1720      13522   cmsis_os2.o
       374          0          0          0          0     498429   dlist_uart.o
       116          4          0          0          0        758   dma.o
         0          0          0          0          0      17660   event_groups.o
      3524        696         49        323        340      30934   fos_uart.o
        32         14         48          4          0       1190   freertos.o
       188          8          0          0          0        935   gpio.o
       692         62          0         24       3072       4615   heap_4.o
       616         50         30         21          0       7904   key.o
       148          0          0          0          0       3366   list.o
       168          0          0          0          0       2380   main.o
       484         54         24         28      16320       5903   malloc.o
       854         78          0         12          0      10797   port.o
      1914         20          0          0         64      16608   queue.o
       546        154          0        249          0      10263   real_main.o
        64         26        304          0        592        804   startup_stm32f103xe.o
        76         20          0          9          0       5194   stm32f1xx_hal.o
       252         22          0          0          0      28618   stm32f1xx_hal_cortex.o
      1770         28          0          0          0       5226   stm32f1xx_hal_dma.o
       520         48          0          0         32       4102   stm32f1xx_hal_flash.o
        40          8          0          0          0        554   stm32f1xx_hal_flash_ex.o
       880         40          0          0          0       3900   stm32f1xx_hal_gpio.o
        96         10          0          0          0        878   stm32f1xx_hal_msp.o
      1820        112         18          0          0       6509   stm32f1xx_hal_rcc.o
       818         44          0          0          0       6106   stm32f1xx_hal_tim.o
         4          0          0          0          0       1521   stm32f1xx_hal_tim_ex.o
       176         16          0          0         72       1439   stm32f1xx_hal_timebase_tim.o
      3176         90          0          0          0      22395   stm32f1xx_hal_uart.o
       118         36          0          0          0       5342   stm32f1xx_it.o
       364         12          0          0       2048       3653   stmflash.o
         0          0          0          0          0       8884   stream_buffer.o
         2          0         24          4          0       1095   system_stm32f1xx.o
      3280        402          0         60       1220      26717   tasks.o
      1526        124          0         20        280      30287   timers.o
       912         82          0          0        768       3414   usart.o
      2894       1320         40         34          0       6491   usmart.o
         0          0         78        260          0       1500   usmart_config.o
      1400         20          0          0          0       8525   usmart_str.o
      2258         90         37         54          0      13845   ys_moto.o

    ----------------------------------------------------------------------
     35182       4204        694       1572      30560     833596   Object Totals
         0          0         32          0          0          0   (incl. Generated)
        42          0         10         16         12          0   (incl. Padding)

    ----------------------------------------------------------------------

      Code (inc. data)   RO Data    RW Data    ZI Data      Debug   Library Member Name

        90          0          0          0          0          0   __dczerorl2.o
         8          0          0          0          0         68   __main.o
       392          4         17          0          0         92   __printf_flags_ss_wp.o
        14          0          0          0          0         68   __printf_wp.o
         0          0          0          0          0          0   __rtentry.o
        12          0          0          0          0          0   __rtentry2.o
         6          0          0          0          0          0   __rtentry4.o
        52          8          0          0          0          0   __scatter.o
        28          0          0          0          0          0   __scatter_zi.o
         6          0          0          0          0          0   _printf_c.o
        44          0          0          0          0        108   _printf_char.o
        48          6          0          0          0         96   _printf_char_common.o
        36          4          0          0          0         80   _printf_char_file.o
         6          0          0          0          0          0   _printf_d.o
       120         16          0          0          0         92   _printf_dec.o
        88          4         40          0          0         88   _printf_hex_int.o
       178          0          0          0          0         88   _printf_intcommon.o
        78          0          0          0          0        108   _printf_pad.o
         0          0          0          0          0          0   _printf_percent.o
         4          0          0          0          0          0   _printf_percent_end.o
         6          0          0          0          0          0   _printf_s.o
        82          0          0          0          0         80   _printf_str.o
         6          0          0          0          0          0   _printf_u.o
         6          0          0          0          0          0   _printf_x.o
        16          0          0          0          0         68   aeabi_memset.o
        18          0          0          0          0         80   exit.o
         8          0          0          0          0         68   ferror.o
         6          0          0          0          0        152   heapauxi.o
         2          0          0          0          0          0   libinit.o
         2          0          0          0          0          0   libinit2.o
         2          0          0          0          0          0   libshutdown.o
         2          0          0          0          0          0   libshutdown2.o
         8          4          0          0         96         68   libspace.o
        38          0          0          0          0         68   llushr.o
        24          4          0          0          0         84   noretval__2printf.o
        68          0          0          0          0         68   rt_memclr.o
        78          0          0          0          0         80   rt_memclr_w.o
       138          0          0          0          0         68   rt_memcpy_v6.o
       100          0          0          0          0         80   rt_memcpy_w.o
         2          0          0          0          0          0   rtexit.o
        10          0          0          0          0          0   rtexit2.o
        74          0          0          0          0         80   sys_stackheap_outer.o
         2          0          0          0          0         68   use_no_semi.o
         2          0          0          0          0         68   use_no_semi_2.o
        98          4          0          0          0         92   d2f.o
       826         16          0          0          0        348   daddsub_clz.o
        24          0          0          0          0         68   dcmpi.o
       688        140          0          0          0        208   ddiv.o
       120          4          0          0          0         92   deqf.o
        94          4          0          0          0         92   dfix.o
        46          0          0          0          0         68   dflt_clz.o
       120          4          0          0          0         92   dleqf.o
       340         12          0          0          0        104   dmul.o
       156          4          0          0          0         92   dnaninf.o
        12          0          0          0          0         68   dretinf.o
        86          4          0          0          0         84   f2d.o
       430          8          0          0          0        168   faddsub_clz.o
        24          0          0          0          0         68   fcmpi.o
       388         76          0          0          0         96   fdiv.o
        54          4          0          0          0         84   ffix.o
        62          4          0          0          0         84   ffixu.o
        86          0          0          0          0        136   fflt_clz.o
       104          4          0          0          0         84   fleqf.o
       258          4          0          0          0         84   fmul.o
       140          4          0          0          0         84   fnaninf.o
        10          0          0          0          0         68   fretinf.o
        98          0          0          0          0         68   frleqf.o
         0          0          0          0          0          0   usenofp.o

    ----------------------------------------------------------------------
      6194        346         58          0        100       4500   Library Totals
        20          0          1          0          4          0   (incl. Padding)

    ----------------------------------------------------------------------

      Code (inc. data)   RO Data    RW Data    ZI Data      Debug   Library Name

      1910         50         57          0         96       2068   c_w.l
      4264        296          0          0          0       2432   fz_ws.l

    ----------------------------------------------------------------------
      6194        346         58          0        100       4500   Library Totals

    ----------------------------------------------------------------------

==============================================================================


      Code (inc. data)   RO Data    RW Data    ZI Data      Debug   

     41376       4550        752       1572      30660     820360   Grand Totals
     41376       4550        752        532      30660     820360   ELF Image Totals (compressed)
     41376       4550        752        532          0          0   ROM Totals

==============================================================================

    Total RO  Size (Code + RO Data)                42128 (  41.14kB)
    Total RW  Size (RW Data + ZI Data)             32232 (  31.48kB)
    Total ROM Size (Code + RO Data + RW Data)      42660 (  41.66kB)

==============================================================================

